BlueNRG1_adc.c:92:7:ADC_ConvertDifferentialVoltage	24	static
BlueNRG1_adc.c:125:7:ADC_ConvertSingleEndedVoltage	32	static
BlueNRG1_adc.c:161:7:ADC_ConvertBatterySensor	8	static
BlueNRG1_adc.c:172:7:ADC_ConvertTemperatureSensor	8	static
BlueNRG1_adc.c:176:7:ADC_ConvertTemperatureSensorFarenait	8	static
BlueNRG1_adc.c:195:6:ADC_DeInit	0	static
BlueNRG1_adc.c:207:6:ADC_StructInit	0	static
BlueNRG1_adc.c:233:6:ADC_Init	8	static
BlueNRG1_adc.c:277:6:ADC_Cmd	0	static
BlueNRG1_adc.c:303:6:ADC_DmaCmd	0	static
BlueNRG1_adc.c:323:6:ADC_SelectInput	0	static
BlueNRG1_adc.c:346:6:ADC_Calibration	0	static
BlueNRG1_adc.c:377:6:ADC_AutoOffsetUpdate	0	static
BlueNRG1_adc.c:397:6:ADC_ThresholdCheck	0	static
BlueNRG1_adc.c:417:6:ADC_ThresholdConfig	0	static
BlueNRG1_adc.c:430:10:ADC_GetOffset	0	static
BlueNRG1_adc.c:454:6:ADC_SetOffset	0	static
BlueNRG1_adc.c:474:6:ADC_ConversionMode	0	static
BlueNRG1_adc.c:495:6:ADC_SelectFrequencyMic	0	static
BlueNRG1_adc.c:521:9:ADC_GetFlags	0	static
BlueNRG1_adc.c:543:12:ADC_GetFlagStatus	0	static
BlueNRG1_adc.c:576:10:ADC_GetITStatus	0	static
BlueNRG1_adc.c:609:6:ADC_ITConfig	0	static
BlueNRG1_adc.c:675:10:ADC_GetRawData	0	static
BlueNRG1_adc.c:639:7:ADC_GetConvertedData	16	static
BlueNRG1_adc.c:700:6:ADC_Filter	0	static
