Archive member included to satisfy reference by file (symbol)

../../../../../../Library/Bluetooth_LE/library\libbluenrg1_stack.a(bluenrg_gap_aci.o)
                              User\sensor.o (aci_gap_init)
../../../../../../Library/Bluetooth_LE/library\libbluenrg1_stack.a(bluenrg_gatt_aci.o)
                              User\gatt_db.o (aci_gatt_add_char)
../../../../../../Library/Bluetooth_LE/library\libbluenrg1_stack.a(bluenrg_hal_aci.o)
                              User\sensor.o (aci_hal_set_tx_power_level)
../../../../../../Library/Bluetooth_LE/library\libbluenrg1_stack.a(bluenrg_main_func.o)
                              User\SensorDemo_main.o (BTLE_StackTick)
../../../../../../Library/Bluetooth_LE/library\libbluenrg1_stack.a(gap.o)
                              ../../../../../../Library/Bluetooth_LE/library\libbluenrg1_stack.a(bluenrg_gap_aci.o) (GAP_Create_Connection)
../../../../../../Library/Bluetooth_LE/library\libbluenrg1_stack.a(gatt_client.o)
                              ../../../../../../Library/Bluetooth_LE/library\libbluenrg1_stack.a(bluenrg_gatt_aci.o) (Gatt_Confirm_Indication)
../../../../../../Library/Bluetooth_LE/library\libbluenrg1_stack.a(gatt_server.o)
                              ../../../../../../Library/Bluetooth_LE/library\libbluenrg1_stack.a(gatt_client.o) (GATT_Send_Packet)
../../../../../../Library/Bluetooth_LE/library\libbluenrg1_stack.a(hal.o)
                              ../../../../../../Library/Bluetooth_LE/library\libbluenrg1_stack.a(bluenrg_hal_aci.o) (HAL_Read_ConfigData)
../../../../../../Library/Bluetooth_LE/library\libbluenrg1_stack.a(hci.o)
                              ../../../../../../Library/Bluetooth_LE/library\libbluenrg1_stack.a(bluenrg_main_func.o) (Controller_Process_Q)
../../../../../../Library/Bluetooth_LE/library\libbluenrg1_stack.a(host_timer.o)
                              User\sensor.o (HAL_VTimerStart_ms)
../../../../../../Library/Bluetooth_LE/library\libbluenrg1_stack.a(l2cap.o)
                              ../../../../../../Library/Bluetooth_LE/library\libbluenrg1_stack.a(bluenrg_main_func.o) (L2C_Init)
../../../../../../Library/Bluetooth_LE/library\libbluenrg1_stack.a(ll_isr.o)
                              User\BlueNRG1_it.o (RAL_Isr)
../../../../../../Library/Bluetooth_LE/library\libbluenrg1_stack.a(ll_privacy.o)
                              ../../../../../../Library/Bluetooth_LE/library\libbluenrg1_stack.a(hci.o) (LL_LE_Add_Device_To_White_List)
../../../../../../Library/Bluetooth_LE/library\libbluenrg1_stack.a(ll_routines.o)
                              ../../../../../../Library/Bluetooth_LE/library\libbluenrg1_stack.a(hci.o) (Disconnection_Offline_Processing)
../../../../../../Library/Bluetooth_LE/library\libbluenrg1_stack.a(ll_routines_master.o)
                              ../../../../../../Library/Bluetooth_LE/library\libbluenrg1_stack.a(gap.o) (LL_Create_Connection)
../../../../../../Library/Bluetooth_LE/library\libbluenrg1_stack.a(ll_routines_support.o)
                              ../../../../../../Library/Bluetooth_LE/library\libbluenrg1_stack.a(ll_privacy.o) (LL_Encrypt_Plain_Data)
../../../../../../Library/Bluetooth_LE/library\libbluenrg1_stack.a(mem_alloc.o)
                              ../../../../../../Library/Bluetooth_LE/library\libbluenrg1_stack.a(bluenrg_main_func.o) (_BlueNRG_Stack_Init_params)
../../../../../../Library/Bluetooth_LE/library\libbluenrg1_stack.a(mem_buff.o)
                              ../../../../../../Library/Bluetooth_LE/library\libbluenrg1_stack.a(l2cap.o) (Mem_Buff_Append)
../../../../../../Library/Bluetooth_LE/library\libbluenrg1_stack.a(multi_master_time.o)
                              ../../../../../../Library/Bluetooth_LE/library\libbluenrg1_stack.a(hci.o) (LL_Get_Anchor_Interval)
../../../../../../Library/Bluetooth_LE/library\libbluenrg1_stack.a(nvm.o)
                              ../../../../../../Library/Bluetooth_LE/library\libbluenrg1_stack.a(ll_isr.o) (Is_Flash_Write_On_Going)
../../../../../../Library/Bluetooth_LE/library\libbluenrg1_stack.a(pka.o)
                              ../../../../../../Library/Bluetooth_LE/library\libbluenrg1_stack.a(hci.o) (BLEPLAT_PKA_Get_Current_Operation)
../../../../../../Library/Bluetooth_LE/library\libbluenrg1_stack.a(pm.o)
                              ../../../../../../Library/Bluetooth_LE/library\libbluenrg1_stack.a(l2cap.o) (PM_Compact)
../../../../../../Library/Bluetooth_LE/library\libbluenrg1_stack.a(rom_att.o)
                              ../../../../../../Library/Bluetooth_LE/library\libbluenrg1_stack.a(gatt_client.o) (ATT_fill_exchg_mtu_req)
../../../../../../Library/Bluetooth_LE/library\libbluenrg1_stack.a(rom_gap.o)
                              ../../../../../../Library/Bluetooth_LE/library\libbluenrg1_stack.a(gap.o) (GAP_Add_To_WhiteList)
../../../../../../Library/Bluetooth_LE/library\libbluenrg1_stack.a(rom_gap_rom.o)
[...]
Memory Configuration

Name             Origin             Length             Attributes
REGION_RAM       0x20000000         0x00006000         xrw
REGION_FLASH_BOOTLOADER 0x10040000         0x00000000         xr
REGION_FLASH     0x10040000         0x0003f000         xr
REGION_NVM       0x1007f000         0x00001000         xr
REGION_ROM       0x10000000         0x00000800         xr
*default*        0x00000000         0xffffffff

Linker script and memory map

LOAD HAL\clock.o
LOAD HAL\context_switch.o
LOAD HAL\miscutil.o
LOAD HAL\osal.o
LOAD HAL\sleep.o
LOAD Library\BlueNRG1_adc.o
LOAD Library\BlueNRG1_dma.o
LOAD Library\BlueNRG1_flash.o
LOAD Library\BlueNRG1_gpio.o
LOAD Library\BlueNRG1_i2c.o
LOAD Library\BlueNRG1_mft.o
LOAD Library\BlueNRG1_pka.o
LOAD Library\BlueNRG1_rtc.o
LOAD Library\BlueNRG1_spi.o
LOAD Library\BlueNRG1_sysCtrl.o
LOAD Library\BlueNRG1_uart.o
LOAD Library\BlueNRG1_wdg.o
LOAD Library\misc.o
LOAD Platform_Layers\LPS25HB.o
LOAD Platform_Layers\LSM6DS3.o
LOAD Platform_Layers\SDK_EVAL_Button.o
LOAD Platform_Layers\SDK_EVAL_Com.o
LOAD Platform_Layers\SDK_EVAL_Config.o
LOAD Platform_Layers\SDK_EVAL_I2C.o
LOAD Platform_Layers\SDK_EVAL_Led.o
LOAD Platform_Layers\SDK_EVAL_SPI.o
LOAD Stack\stack_user_cfg.o
LOAD Startup\system_bluenrg1.o
LOAD User\BlueNRG1_it.o
LOAD User\SensorDemo_main.o
LOAD User\gatt_db.o
LOAD User\sensor.o
LOAD ../../../../../../Library/Bluetooth_LE/library\libbluenrg1_stack.a
LOAD ../../../../../../Library/cryptolib\libcrypto.a
                0x00000080                malloc_getpagesize_P = 0x80
START GROUP
LOAD d:/program files (x86)/atollic/truestudio for stm32 9.2.0/armtools/bin/../lib/gcc/arm-atollic-eabi/6.3.1/../../../../arm-atollic-eabi/lib/armv6-m\libc_nano.a
LOAD d:/program files (x86)/atollic/truestudio for stm32 9.2.0/armtools/bin/../lib/gcc/arm-atollic-eabi/6.3.1/../../../../arm-atollic-eabi/lib/armv6-m\libm.a
END GROUP
                0x20000000                _MEMORY_RAM_BEGIN_ = 0x20000000
                0x00006000                _MEMORY_RAM_SIZE_ = 0x6000
                0x20005fff                _MEMORY_RAM_END_ = 0x20005fff
                0x10040000                _MEMORY_FLASH_BEGIN_ = 0x10040000
                0x00040000                _MEMORY_FLASH_SIZE_ = 0x40000
                0x1007ffff                _MEMORY_FLASH_END_ = 0x1007ffff
                0x10000000                _MEMORY_ROM_BEGIN_ = 0x10000000
                0x00000800                _MEMORY_ROM_SIZE_ = 0x800
                0x100007ff                _MEMORY_ROM_END_ = 0x100007ff
                0x00001000                FLASH_NVM_DATASIZE = 0x1000
                0x00000000                MEMORY_FLASH_APP_OFFSET = DEFINED (MEMORY_FLASH_APP_OFFSET)?MEMORY_FLASH_APP_OFFSET:0x0
                0x0003f000                MEMORY_FLASH_APP_SIZE = DEFINED (MEMORY_FLASH_APP_SIZE)?MEMORY_FLASH_APP_SIZE:((_MEMORY_FLASH_SIZE_ - FLASH_NVM_DATASIZE) - MEMORY_FLASH_APP_OFFSET)
                0x000002cc                MEMORY_RAM_APP_OFFSET = DEFINED (MEMORY_RAM_APP_OFFSET)?MEMORY_RAM_APP_OFFSET:0x2cc
                0x00000800                RESET_MANAGER_SIZE = DEFINED (RESET_MANAGER_SIZE)?RESET_MANAGER_SIZE:0x800
                [0x0003f000]                MEMORY_FLASH_APP_SIZE = DEFINED (ST_OTA_HIGHER_APPLICATION)?(((((_MEMORY_FLASH_SIZE_ - RESET_MANAGER_SIZE) - FLASH_NVM_DATASIZE) / 0x2) / 0x800) * 0x800):MEMORY_FLASH_APP_SIZE
                [0x00000000]                MEMORY_FLASH_APP_OFFSET = DEFINED (ST_OTA_HIGHER_APPLICATION)?(RESET_MANAGER_SIZE + MEMORY_FLASH_APP_SIZE):MEMORY_FLASH_APP_OFFSET
                [0x0003f000]                MEMORY_FLASH_APP_SIZE = DEFINED (ST_OTA_LOWER_APPLICATION)?(((((_MEMORY_FLASH_SIZE_ - RESET_MANAGER_SIZE) - FLASH_NVM_DATASIZE) / 0x2) / 0x800) * 0x800):MEMORY_FLASH_APP_SIZE
                [0x00000000]                MEMORY_FLASH_APP_OFFSET = DEFINED (ST_OTA_LOWER_APPLICATION)?RESET_MANAGER_SIZE:MEMORY_FLASH_APP_OFFSET
                0x00011800                SERVICE_MANAGER_SIZE = 0x11800
                [0x0003f000]                MEMORY_FLASH_APP_SIZE = DEFINED (ST_USE_OTA_SERVICE_MANAGER_APPLICATION)?((_MEMORY_FLASH_SIZE_ - SERVICE_MANAGER_SIZE) - FLASH_NVM_DATASIZE):MEMORY_FLASH_APP_SIZE
                [0x00000000]                MEMORY_FLASH_APP_OFFSET = DEFINED (ST_USE_OTA_SERVICE_MANAGER_APPLICATION)?SERVICE_MANAGER_SIZE:MEMORY_FLASH_APP_OFFSET
                0x00000000                EXTERNAL_BLE_STACK_FLASH_OFFSET = DEFINED (EXTERNAL_BLE_STACK_FLASH_OFFSET)?EXTERNAL_BLE_STACK_FLASH_OFFSET:0x0
                0x100400c0                cmd_call_table = ((_MEMORY_FLASH_BEGIN_ + 0xc0) + EXTERNAL_BLE_STACK_FLASH_OFFSET)
                0x200002cc                ev_call_table = 0x200002cc
                0x00000000                _Min_Heap_Size = 0x0
                0x00000c00                _Min_Stack_Size = 0xc00

.bootloader     0x10040000        0x0
                0x10040000                . = ALIGN (0x4)
 *(.bootloader)
                0x10040000                . = ALIGN (0x4)

.intvec         0x10040000       0xc0
                0x10040000                . = ALIGN (0x4)
 *(.intvec)
 .intvec        0x10040000       0xc0 Startup\system_bluenrg1.o
                0x10040000                __vector_table
                0x100400c0                . = ALIGN (0x4)

.text           0x100400c0    0x11ef8
                0x100400c0                . = ALIGN (0x4)
 *(.cmd_call_table)
 *(.text)
 .text          0x100400c0       0x9c HAL\context_switch.o
                0x100400c0                CS_contextSave
                0x10040112                CS_contextRestore
 .text          0x1004015c      0x114 d:/program files (x86)/atollic/truestudio for stm32 9.2.0/armtools/bin/../lib/gcc/arm-atollic-eabi/6.3.1/armv6-m\libgcc.a(_udivsi3.o)
                0x1004015c                __aeabi_uidiv
                0x1004015c                __udivsi3
                0x10040268                __aeabi_uidivmod
 .text          0x10040270        0x4 d:/program files (x86)/atollic/truestudio for stm32 9.2.0/armtools/bin/../lib/gcc/arm-atollic-eabi/6.3.1/armv6-m\libgcc.a(_dvmd_tls.o)
                0x10040270                __aeabi_idiv0
                0x10040270                __aeabi_ldiv0
 .text          0x10040274       0x40 d:/program files (x86)/atollic/truestudio for stm32 9.2.0/armtools/bin/../lib/gcc/arm-atollic-eabi/6.3.1/armv6-m\libgcc.a(_aeabi_uldivmod.o)
                0x10040274                __aeabi_uldivmod
 .text          0x100402b4       0x54 d:/program files (x86)/atollic/truestudio for stm32 9.2.0/armtools/bin/../lib/gcc/arm-atollic-eabi/6.3.1/armv6-m\libgcc.a(_muldi3.o)
                0x100402b4                __muldi3
                0x100402b4                __aeabi_lmul
 .text          0x10040308       0x48 d:/program files (x86)/atollic/truestudio for stm32 9.2.0/armtools/bin/../lib/gcc/arm-atollic-eabi/6.3.1/armv6-m\libgcc.a(_floatundisf.o)
                0x10040308                __aeabi_ul2f
                0x10040308                __floatundisf
 .text          0x10040350      0x180 d:/program files (x86)/atollic/truestudio for stm32 9.2.0/armtools/bin/../lib/gcc/arm-atollic-eabi/6.3.1/armv6-m\libgcc.a(_udivmoddi4.o)
                0x10040350                __udivmoddi4
 .text          0x100404d0       0x74 d:/program files (x86)/atollic/truestudio for stm32 9.2.0/armtools/bin/../lib/gcc/arm-atollic-eabi/6.3.1/armv6-m\libgcc.a(unaligned-funcs.o)
                0x100404d0                __aeabi_uread4
                0x100404e8                __aeabi_uwrite4
                0x100404f8                __aeabi_uread8
                0x10040524                __aeabi_uwrite8
 .text          0x10040544      0x240 d:/program files (x86)/atollic/truestudio for stm32 9.2.0/armtools/bin/../lib/gcc/arm-atollic-eabi/6.3.1/armv6-m\libgcc.a(mulsf3.o)
                0x10040544                __aeabi_fmul
 .text          0x10040784       0x40 d:/program files (x86)/atollic/truestudio for stm32 9.2.0/armtools/bin/../lib/gcc/arm-atollic-eabi/6.3.1/armv6-m\libgcc.a(fixsfsi.o)
                0x10040784                __aeabi_f2iz
 .text          0x100407c4      0x620 d:/program files (x86)/atollic/truestudio for stm32 9.2.0/armtools/bin/../lib/gcc/arm-atollic-eabi/6.3.1/armv6-m\libgcc.a(adddf3.o)
                0x100407c4                __aeabi_dadd
 .text          0x10040de4      0x500 d:/program files (x86)/atollic/truestudio for stm32 9.2.0/armtools/bin/../lib/gcc/arm-atollic-eabi/6.3.1/armv6-m\libgcc.a(muldf3.o)
                0x10040de4                __aeabi_dmul
 .text          0x100412e4       0x70 d:/program files (x86)/atollic/truestudio for stm32 9.2.0/armtools/bin/../lib/gcc/arm-atollic-eabi/6.3.1/armv6-m\libgcc.a(floatunsidf.o)
                0x100412e4                __aeabi_ui2d
 .text          0x10041354      0x114 d:/program files (x86)/atollic/truestudio for stm32 9.2.0/armtools/bin/../lib/gcc/arm-atollic-eabi/6.3.1/armv6-m\libgcc.a(truncdfsf2.o)
                0x10041354                __aeabi_d2f
 .text          0x10041468       0x3c d:/program files (x86)/atollic/truestudio for stm32 9.2.0/armtools/bin/../lib/gcc/arm-atollic-eabi/6.3.1/armv6-m\libgcc.a(_clzsi2.o)
                0x10041468                __clzsi2
 .text          0x100414a4       0x18 d:/program files (x86)/atollic/truestudio for stm32 9.2.0/armtools/bin/../lib/gcc/arm-atollic-eabi/6.3.1/armv6-m\libgcc.a(_clzdi2.o)
                0x100414a4                __clzdi2
 *(.text*)
 .text.SysCount_Handler
                0x100414bc       0x10 HAL\clock.o
                0x100414bc                SysCount_Handler
 .text.HAL_GetPartInfo
                0x100414cc       0x4c HAL\miscutil.o
                0x100414cc                HAL_GetPartInfo
 .text.BLEPLAT_get_part_info
                0x10041518       0x22 HAL\miscutil.o
                0x10041518                BLEPLAT_get_part_info
 .text.Osal_MemCpy
                0x1004153a        0x8 HAL\osal.o
                0x1004153a                Osal_MemCpy
 .text.Osal_MemSet
                0x10041542        0x8 HAL\osal.o
                0x10041542                Osal_MemSet
 .text.Osal_MemCmp
                0x1004154a        0x8 HAL\osal.o
                0x1004154a                Osal_MemCmp
 *fill*         0x10041552        0x2 
 .text.BlueNRG_Sleep
                0x10041554      0x98c HAL\sleep.o
                0x10041554                BlueNRG_Sleep
 .text.FLASH_WaitCmdDone
                0x10041ee0       0x10 Library\BlueNRG1_flash.o
                0x10041ee0                FLASH_WaitCmdDone
 .text.FLASH_ErasePage
                0x10041ef0       0x30 Library\BlueNRG1_flash.o
                0x10041ef0                FLASH_ErasePage
 .text.FLASH_ProgramWord
                0x10041f20       0x30 Library\BlueNRG1_flash.o
                0x10041f20                FLASH_ProgramWord
 .text.GPIO_Init
                0x10041f50       0xde Library\BlueNRG1_gpio.o
                0x10041f50                GPIO_Init
 .text.GPIO_WriteBit
                0x1004202e       0x10 Library\BlueNRG1_gpio.o
                0x1004202e                GPIO_WriteBit
 .text.GPIO_ToggleBits
                0x1004203e        0xc Library\BlueNRG1_gpio.o
                0x1004203e                GPIO_ToggleBits
 .text.PKA_Reset
                0x1004204a       0x14 Library\BlueNRG1_pka.o
                0x1004204a                PKA_Reset
 *fill*         0x1004205e        0x2 
 .text.SysCtrl_PeripheralClockCmd
                0x10042060       0x18 Library\BlueNRG1_sysCtrl.o
                0x10042060                SysCtrl_PeripheralClockCmd
 .text.SysCtrl_GetWakeupResetReason
                0x10042078       0xa0 Library\BlueNRG1_sysCtrl.o
                0x10042078                SysCtrl_GetWakeupResetReason
 .text.UART_Cmd
                0x10042118       0x1c Library\BlueNRG1_uart.o
                0x10042118                UART_Cmd
 .text.UART_Init
                0x10042134      0x150 Library\BlueNRG1_uart.o
                0x10042134                UART_Init
 .text.UART_GetFlagStatus
                0x10042284       0x1c Library\BlueNRG1_uart.o
                0x10042284                UART_GetFlagStatus
 .text.UART_RxFifoIrqLevelConfig
                0x100422a0       0x1c Library\BlueNRG1_uart.o
                0x100422a0                UART_RxFifoIrqLevelConfig
 .text.SystemSleepCmd
                0x100422bc       0x1c Library\misc.o
                0x100422bc                SystemSleepCmd
 .text.SdkEvalComUartInit
                0x100422d8       0x94 Platform_Layers\SDK_EVAL_Com.o
                0x100422d8                SdkEvalComUartInit
 .text.SdkEvalComIOTxFifoNotEmpty
                0x1004236c       0x10 Platform_Layers\SDK_EVAL_Com.o
                0x1004236c                SdkEvalComIOTxFifoNotEmpty
 .text.SdkEvalComUARTBusy
                0x1004237c       0x12 Platform_Layers\SDK_EVAL_Com.o
                0x1004237c                SdkEvalComUARTBusy
 *fill*         0x1004238e        0x2 
 .text._sbrk    0x10042390       0x3c Platform_Layers\SDK_EVAL_Com.o
                0x10042390                _sbrk
 .text.__aeabi_memcpy
                0x100423cc        0x8 Platform_Layers\SDK_EVAL_Com.o
                0x100423cc                __aeabi_memcpy
 .text.__aeabi_memcpy4
                0x100423d4        0x8 Platform_Layers\SDK_EVAL_Com.o
                0x100423d4                __aeabi_memcpy4
 .text.__aeabi_memclr4
                0x100423dc        0xc Platform_Layers\SDK_EVAL_Com.o
                0x100423dc                __aeabi_memclr4
 .text.SdkEvalIdentification
                0x100423e8        0xc Platform_Layers\SDK_EVAL_Config.o
                0x100423e8                SdkEvalIdentification
 .text.SdkEvalGetVersion
                0x100423f4        0xc Platform_Layers\SDK_EVAL_Config.o
                0x100423f4                SdkEvalGetVersion
 .text.Get_LedGpioPin
                0x10042400       0x44 Platform_Layers\SDK_EVAL_Led.o
                0x10042400                Get_LedGpioPin
 .text.SdkEvalLedOn
                0x10042444        0xe Platform_Layers\SDK_EVAL_Led.o
                0x10042444                SdkEvalLedOn
 .text.SdkEvalLedOff
                0x10042452        0xe Platform_Layers\SDK_EVAL_Led.o
                0x10042452                SdkEvalLedOff
 .text.SdkEvalLedInit
                0x10042460       0x2e Platform_Layers\SDK_EVAL_Led.o
                0x10042460                SdkEvalLedInit
 .text.SdkEvalLedToggle
                0x1004248e        0xc Platform_Layers\SDK_EVAL_Led.o
                0x1004248e                SdkEvalLedToggle
 .text.PKA_Handler
                0x1004249a        0x2 Startup\system_bluenrg1.o
                0x1004249a                PKA_Handler
 .text.DMA_Handler
                0x1004249c        0x2 Startup\system_bluenrg1.o
                0x1004249c                DMA_Handler
 .text.PendSV_Handler
                0x1004249e        0x2 Startup\system_bluenrg1.o
                0x1004249e                PendSV_Handler
 .text.NVM_Handler
                0x100424a0        0x2 Startup\system_bluenrg1.o
                0x100424a0                NVM_Handler
 .text.SPI_Handler
                0x100424a2        0x2 Startup\system_bluenrg1.o
                0x100424a2                SPI_Handler
 .text.MFT1A_Handler
                0x100424a4        0x2 Startup\system_bluenrg1.o
                0x100424a4                MFT1A_Handler
 .text.MFT1B_Handler
                0x100424a6        0x2 Startup\system_bluenrg1.o
                0x100424a6                MFT1B_Handler
 .text.MFT2A_Handler
                0x100424a8        0x2 Startup\system_bluenrg1.o
                0x100424a8                MFT2A_Handler
 .text.MFT2B_Handler
                0x100424aa        0x2 Startup\system_bluenrg1.o
                0x100424aa                MFT2B_Handler
 .text.RTC_Handler
                0x100424ac        0x2 Startup\system_bluenrg1.o
                0x100424ac                RTC_Handler
 .text.WDG_Handler
                0x100424ae        0x2 Startup\system_bluenrg1.o
                0x100424ae                WDG_Handler
 .text.ADC_Handler
                0x100424b0        0x2 Startup\system_bluenrg1.o
                0x100424b0                ADC_Handler
 .text.I2C2_Handler
                0x100424b2        0x2 Startup\system_bluenrg1.o
                0x100424b2                I2C2_Handler
 .text.I2C1_Handler
                0x100424b4        0x2 Startup\system_bluenrg1.o
                0x100424b4                I2C1_Handler
 *fill*         0x100424b6        0x2 
 .text.Set_RF_FrontEnd
                0x100424b8       0x4c Startup\system_bluenrg1.o
                0x100424b8                Set_RF_FrontEnd
 .text.BOR_ConfigSave
                0x10042504       0x48 Startup\system_bluenrg1.o
                0x10042504                BOR_ConfigSave
 .text.SET_BORconfigStatus
                0x1004254c       0x48 Startup\system_bluenrg1.o
                0x1004254c                SET_BORconfigStatus
 .text.__low_level_init
                0x10042594       0xa8 Startup\system_bluenrg1.o
                0x10042594                __low_level_init
 .text.RESET_HANDLER
                0x1004263c       0x8c Startup\system_bluenrg1.o
                0x1004263c                RESET_HANDLER
 .text.DeviceConfiguration
                0x100426c8      0x144 Startup\system_bluenrg1.o
                0x100426c8                DeviceConfiguration
 .text.SystemInit
                0x1004280c      0x120 Startup\system_bluenrg1.o
                0x1004280c                SystemInit
 .text.NMI_Handler
                0x1004292c        0x2 User\BlueNRG1_it.o
                0x1004292c                NMI_Handler
 .text.HardFault_Handler
                0x1004292e        0x2 User\BlueNRG1_it.o
                0x1004292e                HardFault_Handler
 .text.SVC_Handler
                0x10042930        0x2 User\BlueNRG1_it.o
                0x10042930                SVC_Handler
 .text.SysTick_Handler
                0x10042932        0x8 User\BlueNRG1_it.o
                0x10042932                SysTick_Handler
 .text.GPIO_Handler
                0x1004293a        0x2 User\BlueNRG1_it.o
                0x1004293a                GPIO_Handler
 .text.UART_Handler
                0x1004293c        0x2 User\BlueNRG1_it.o
                0x1004293c                UART_Handler
 .text.Blue_Handler
                0x1004293e        0x8 User\BlueNRG1_it.o
                0x1004293e                Blue_Handler
 *fill*         0x10042946        0x2 
 .text.startup.main
                0x10042948       0x5c User\SensorDemo_main.o
                0x10042948                main
 .text.App_SleepMode_Check
                0x100429a4       0x28 User\SensorDemo_main.o
                0x100429a4                App_SleepMode_Check
 .text.GetAccAxesRaw
                0x100429cc       0x3a User\gatt_db.o
                0x100429cc                GetAccAxesRaw
 .text.GetFreeFallStatus
                0x10042a06        0x2 User\gatt_db.o
                0x10042a06                GetFreeFallStatus
 .text.Add_Acc_Service
                0x10042a08      0x158 User\gatt_db.o
                0x10042a08                Add_Acc_Service
 .text.Free_Fall_Notify
                0x10042b60       0x3c User\gatt_db.o
                0x10042b60                Free_Fall_Notify
 .text.Acc_Update
                0x10042b9c       0x58 User\gatt_db.o
                0x10042b9c                Acc_Update
 .text.Add_Environmental_Sensor_Service
                0x10042bf4      0x2f8 User\gatt_db.o
                0x10042bf4                Add_Environmental_Sensor_Service
 .text.Temp_Update
                0x10042eec       0x40 User\gatt_db.o
                0x10042eec                Temp_Update
 .text.Press_Update
                0x10042f2c       0x3c User\gatt_db.o
                0x10042f2c                Press_Update
 .text.Humidity_Update
                0x10042f68       0x40 User\gatt_db.o
                0x10042f68                Humidity_Update
 .text.Read_Request_CB
                0x10042fa8      0x100 User\gatt_db.o
                0x10042fa8                Read_Request_CB
 .text.Sensor_DeviceInit
                0x100430a8       0xc0 User\sensor.o
                0x100430a8                Sensor_DeviceInit
 .text.Set_DeviceConnectable
                0x10043168       0x4c User\sensor.o
                0x10043168                Set_DeviceConnectable
 .text.APP_Tick
                0x100431b4       0x74 User\sensor.o
                0x100431b4                APP_Tick
 .text.hci_le_connection_complete_event
                0x10043228       0x14 User\sensor.o
                0x10043228                hci_le_connection_complete_event
 .text.hci_disconnection_complete_event
                0x1004323c       0x24 User\sensor.o
                0x1004323c                hci_disconnection_complete_event
 .text.aci_gatt_read_permit_req_event
                0x10043260        0xa User\sensor.o
                0x10043260                aci_gatt_read_permit_req_event
 *fill*         0x1004326a        0x2 
 .text.HAL_VTimerTimeoutCallback
                0x1004326c       0x10 User\sensor.o
                0x1004326c                HAL_VTimerTimeoutCallback
 .text.aci_gatt_attribute_modified_event
                0x1004327c        0x2 User\sensor.o
                0x1004327c                aci_gatt_attribute_modified_event
 .text.aci_hal_end_of_radio_activity_event
                0x1004327e        0x2 User\sensor.o
                0x1004327e                aci_hal_end_of_radio_activity_event
 .text.__aeabi_memmove
                0x10043280        0x8 d:/program files (x86)/atollic/truestudio for stm32 9.2.0/armtools/bin/../lib/gcc/arm-atollic-eabi/6.3.1/../../../../arm-atollic-eabi/lib/armv6-m\libc_nano.a(lib_a-aeabi_memmove.o)
                0x10043280                __aeabi_memmove
                0x10043280                __aeabi_memmove4
                0x10043280                __aeabi_memmove8
 .text.memcmp   0x10043288       0x1e d:/program files (x86)/atollic/truestudio for stm32 9.2.0/armtools/bin/../lib/gcc/arm-atollic-eabi/6.3.1/../../../../arm-atollic-eabi/lib/armv6-m\libc_nano.a(lib_a-memcmp.o)
                0x10043288                memcmp
 .text.memcpy   0x100432a6       0x12 d:/program files (x86)/atollic/truestudio for stm32 9.2.0/armtools/bin/../lib/gcc/arm-atollic-eabi/6.3.1/../../../../arm-atollic-eabi/lib/armv6-m\libc_nano.a(lib_a-memcpy-stub.o)
                0x100432a6                memcpy
 .text.memmove  0x100432b8       0x24 d:/program files (x86)/atollic/truestudio for stm32 9.2.0/armtools/bin/../lib/gcc/arm-atollic-eabi/6.3.1/../../../../arm-atollic-eabi/lib/armv6-m\libc_nano.a(lib_a-memmove.o)
                0x100432b8                memmove
 .text.memset   0x100432dc       0x10 d:/program files (x86)/atollic/truestudio for stm32 9.2.0/armtools/bin/../lib/gcc/arm-atollic-eabi/6.3.1/../../../../arm-atollic-eabi/lib/armv6-m\libc_nano.a(lib_a-memset.o)
                0x100432dc                memset
 .text.rand     0x100432ec       0x78 d:/program files (x86)/atollic/truestudio for stm32 9.2.0/armtools/bin/../lib/gcc/arm-atollic-eabi/6.3.1/../../../../arm-atollic-eabi/lib/armv6-m\libc_nano.a(lib_a-rand.o)
                0x100432ec                rand
 .text.malloc   0x10043364       0x14 d:/program files (x86)/atollic/truestudio for stm32 9.2.0/armtools/bin/../lib/gcc/arm-atollic-eabi/6.3.1/../../../../arm-atollic-eabi/lib/armv6-m\libc_nano.a(lib_a-malloc.o)
                0x10043364                malloc
 .text._malloc_r
                0x10043378       0xbc d:/program files (x86)/atollic/truestudio for stm32 9.2.0/armtools/bin/../lib/gcc/arm-atollic-eabi/6.3.1/../../../../arm-atollic-eabi/lib/armv6-m\libc_nano.a(lib_a-nano-mallocr.o)
                0x10043378                _malloc_r
 .text._sbrk_r  0x10043434       0x24 d:/program files (x86)/atollic/truestudio for stm32 9.2.0/armtools/bin/../lib/gcc/arm-atollic-eabi/6.3.1/../../../../arm-atollic-eabi/lib/armv6-m\libc_nano.a(lib_a-sbrkr.o)
                0x10043434                _sbrk_r
 .text.__malloc_lock
                0x10043458        0x2 d:/program files (x86)/atollic/truestudio for stm32 9.2.0/armtools/bin/../lib/gcc/arm-atollic-eabi/6.3.1/../../../../arm-atollic-eabi/lib/armv6-m\libc_nano.a(lib_a-mlock.o)
                0x10043458                __malloc_lock
 .text.__malloc_unlock
                0x1004345a        0x2 d:/program files (x86)/atollic/truestudio for stm32 9.2.0/armtools/bin/../lib/gcc/arm-atollic-eabi/6.3.1/../../../../arm-atollic-eabi/lib/armv6-m\libc_nano.a(lib_a-mlock.o)
                0x1004345a                __malloc_unlock
 *(i.*)
 i._aci_gap_set_discoverable_param_check
                0x1004345c       0x5c ../../../../../../Library/Bluetooth_LE/library\libbluenrg1_stack.a(bluenrg_gap_aci.o)
 i.aci_gap_init
                0x100434b8       0x30 ../../../../../../Library/Bluetooth_LE/library\libbluenrg1_stack.a(bluenrg_gap_aci.o)
                0x100434b8                aci_gap_init
 i.aci_gap_set_authentication_requirement
                0x100434e8       0x90 ../../../../../../Library/Bluetooth_LE/library\libbluenrg1_stack.a(bluenrg_gap_aci.o)
                0x100434e8                aci_gap_set_authentication_requirement
 i.aci_gap_set_discoverable
                0x10043578       0x42 ../../../../../../Library/Bluetooth_LE/library\libbluenrg1_stack.a(bluenrg_gap_aci.o)
                0x10043578                aci_gap_set_discoverable
 i._load_uuid   0x100435ba       0x26 ../../../../../../Library/Bluetooth_LE/library\libbluenrg1_stack.a(bluenrg_gatt_aci.o)
 i.aci_gatt_add_char
                0x100435e0       0x3e ../../../../../../Library/Bluetooth_LE/library\libbluenrg1_stack.a(bluenrg_gatt_aci.o)
                0x100435e0                aci_gatt_add_char
 i.aci_gatt_add_char_desc
                0x1004361e       0x50 ../../../../../../Library/Bluetooth_LE/library\libbluenrg1_stack.a(bluenrg_gatt_aci.o)
                0x1004361e                aci_gatt_add_char_desc
 i.aci_gatt_add_service
                0x1004366e       0x36 ../../../../../../Library/Bluetooth_LE/library\libbluenrg1_stack.a(bluenrg_gatt_aci.o)
                0x1004366e                aci_gatt_add_service
 i.aci_gatt_allow_read
                0x100436a4        0xc ../../../../../../Library/Bluetooth_LE/library\libbluenrg1_stack.a(bluenrg_gatt_aci.o)
                0x100436a4                aci_gatt_allow_read
 i.aci_gatt_init
                0x100436b0        0x8 ../../../../../../Library/Bluetooth_LE/library\libbluenrg1_stack.a(bluenrg_gatt_aci.o)
                0x100436b0                aci_gatt_init
 i.aci_gatt_update_char_value_ext
                0x100436b8       0x22 ../../../../../../Library/Bluetooth_LE/library\libbluenrg1_stack.a(bluenrg_gatt_aci.o)
                0x100436b8                aci_gatt_update_char_value_ext
 i.aci_hal_set_tx_power_level
                0x100436da        0x8 ../../../../../../Library/Bluetooth_LE/library\libbluenrg1_stack.a(bluenrg_hal_aci.o)
                0x100436da                aci_hal_set_tx_power_level
 i.aci_hal_write_config_data
                0x100436e2        0x8 ../../../../../../Library/Bluetooth_LE/library\libbluenrg1_stack.a(bluenrg_hal_aci.o)
                0x100436e2                aci_hal_write_config_data
 *fill*         0x100436ea        0x2 
 i.BTLE_StackTick
                0x100436ec       0x88 ../../../../../../Library/Bluetooth_LE/library\libbluenrg1_stack.a(bluenrg_main_func.o)
                0x100436ec                BTLE_StackTick
 i.BlueNRG_Stack_Initialization
                0x10043774       0x44 ../../../../../../Library/Bluetooth_LE/library\libbluenrg1_stack.a(bluenrg_main_func.o)
                0x10043774                BlueNRG_Stack_Initialization
 i.BlueNRG_Stack_Initialize_ConfigData
                0x100437b8       0x64 ../../../../../../Library/Bluetooth_LE/library\libbluenrg1_stack.a(bluenrg_main_func.o)
 i.BlueNRG_Stack_Initialize_Layers
                0x1004381c       0x84 ../../../../../../Library/Bluetooth_LE/library\libbluenrg1_stack.a(bluenrg_main_func.o)
 i.BlueNRG_Stack_Initialize_RAM_check
                0x100438a0       0x80 ../../../../../../Library/Bluetooth_LE/library\libbluenrg1_stack.a(bluenrg_main_func.o)
 i.BlueNRG_Stack_Perform_Crystal_Check
                0x10043920       0xc4 ../../../../../../Library/Bluetooth_LE/library\libbluenrg1_stack.a(bluenrg_main_func.o)
 i.BlueNRG_Start_Crystal_Measurement
                0x100439e4       0x1c ../../../../../../Library/Bluetooth_LE/library\libbluenrg1_stack.a(bluenrg_main_func.o)
 i._BlueNRG_Stack_Initialization
                0x10043a00       0xe8 ../../../../../../Library/Bluetooth_LE/library\libbluenrg1_stack.a(bluenrg_main_func.o)
                0x10043a00                _BlueNRG_Stack_Initialization
 i.GAP_Connection_Complete_Handler
                0x10043ae8       0x68 ../../../../../../Library/Bluetooth_LE/library\libbluenrg1_stack.a(gap.o)
                0x10043ae8                GAP_Connection_Complete_Handler
 i.GAP_DiscProcTimeoutcb_ucfg
                0x10043b50        0x2 ../../../../../../Library/Bluetooth_LE/library\libbluenrg1_stack.a(gap.o)
                0x10043b50                GAP_DiscProcTimeoutcb_ucfg
 *fill*         0x10043b52        0x2 
 i.GAP_Init     0x10043b54      0x1fc ../../../../../../Library/Bluetooth_LE/library\libbluenrg1_stack.a(gap.o)
                0x10043b54                GAP_Init
 i.GAP_Init_Context
                0x10043d50       0x14 ../../../../../../Library/Bluetooth_LE/library\libbluenrg1_stack.a(gap.o)
                0x10043d50                GAP_Init_Context
 i.GAP_LL_Event_Handler_ISR
                0x10043d64       0x68 ../../../../../../Library/Bluetooth_LE/library\libbluenrg1_stack.a(gap.o)
                0x10043d64                GAP_LL_Event_Handler_ISR
 i.GAP_LimDiscTimeoutcb_ucfg
                0x10043dcc        0x2 ../../../../../../Library/Bluetooth_LE/library\libbluenrg1_stack.a(gap.o)
                0x10043dcc                GAP_LimDiscTimeoutcb_ucfg
 *fill*         0x10043dce        0x2 
 i.GAP_Process_Q
                0x10043dd0       0x40 ../../../../../../Library/Bluetooth_LE/library\libbluenrg1_stack.a(gap.o)
                0x10043dd0                GAP_Process_Q
 i.GAP_Set_Discoverable_Mode
                0x10043e10       0x38 ../../../../../../Library/Bluetooth_LE/library\libbluenrg1_stack.a(gap.o)
                0x10043e10                GAP_Set_Discoverable_Mode
 i.GAP_check_and_set_role_ucfg
                0x10043e48       0x1c ../../../../../../Library/Bluetooth_LE/library\libbluenrg1_stack.a(gap.o)
                0x10043e48                GAP_check_and_set_role_ucfg
 i.GAP_discover_peer_name_ucfg
                0x10043e64        0x2 ../../../../../../Library/Bluetooth_LE/library\libbluenrg1_stack.a(gap.o)
                0x10043e64                GAP_discover_peer_name_ucfg
 i.GAP_enable_controller_privacy_ucfg
                0x10043e66        0x4 ../../../../../../Library/Bluetooth_LE/library\libbluenrg1_stack.a(gap.o)
                0x10043e66                GAP_enable_controller_privacy_ucfg
 *fill*         0x10043e6a        0x2 
 i._GAP_Parse_Advertising_Report
                0x10043e6c       0x64 ../../../../../../Library/Bluetooth_LE/library\libbluenrg1_stack.a(gap.o)
 i._gap_set_discoverable_connectable
                0x10043ed0      0x174 ../../../../../../Library/Bluetooth_LE/library\libbluenrg1_stack.a(gap.o)
                0x10043ed0                _gap_set_discoverable_connectable
 i.aci_gap_limited_discoverable_event_push
                0x10044044       0x50 ../../../../../../Library/Bluetooth_LE/library\libbluenrg1_stack.a(gap.o)
 i.aci_gap_proc_complete_event_push
                0x10044094       0x74 ../../../../../../Library/Bluetooth_LE/library\libbluenrg1_stack.a(gap.o)
 i.advParamsCheckAndSet
                0x10044108       0x8c ../../../../../../Library/Bluetooth_LE/library\libbluenrg1_stack.a(gap.o)
                0x10044108                advParamsCheckAndSet
 i.gapClearAllModeFlags
                0x10044194       0x14 ../../../../../../Library/Bluetooth_LE/library\libbluenrg1_stack.a(gap.o)
                0x10044194                gapClearAllModeFlags
 i.setGapAdvData
                0x100441a8      0x100 ../../../../../../Library/Bluetooth_LE/library\libbluenrg1_stack.a(gap.o)
                0x100441a8                setGapAdvData
 i.Find_Gatt_Client
                0x100442a8       0x3c ../../../../../../Library/Bluetooth_LE/library\libbluenrg1_stack.a(gatt_client.o)
                0x100442a8                Find_Gatt_Client
 i.Build_Notif_Or_Ind
                0x100442e4       0x3e ../../../../../../Library/Bluetooth_LE/library\libbluenrg1_stack.a(gatt_server.o)
                0x100442e4                Build_Notif_Or_Ind
 *fill*         0x10044322        0x2 
 i.Check_For_Service_Change
                0x10044324      0x348 ../../../../../../Library/Bluetooth_LE/library\libbluenrg1_stack.a(gatt_server.o)
                0x10044324                Check_For_Service_Change
 i.Find_Attr_Index
                0x1004466c       0x50 ../../../../../../Library/Bluetooth_LE/library\libbluenrg1_stack.a(gatt_server.o)
                0x1004466c                Find_Attr_Index
 i.Find_Timed_Out_Connection
                0x100446bc       0x34 ../../../../../../Library/Bluetooth_LE/library\libbluenrg1_stack.a(gatt_server.o)
                0x100446bc                Find_Timed_Out_Connection
 i.GATT_Connection_Complete_Handler
                0x100446f0       0x44 ../../../../../../Library/Bluetooth_LE/library\libbluenrg1_stack.a(gatt_server.o)
                0x100446f0                GATT_Connection_Complete_Handler
 i.GATT_Send_Packet
                0x10044734       0x2c ../../../../../../Library/Bluetooth_LE/library\libbluenrg1_stack.a(gatt_server.o)
                0x10044734                GATT_Send_Packet
 i.GATT_Server_Set_Flag
                0x10044760       0x18 ../../../../../../Library/Bluetooth_LE/library\libbluenrg1_stack.a(gatt_server.o)
 i.GATT_TimeOut_Handler
                0x10044778       0x1a ../../../../../../Library/Bluetooth_LE/library\libbluenrg1_stack.a(gatt_server.o)
                0x10044778                GATT_TimeOut_Handler
 *fill*         0x10044792        0x2 
 i.Gatt_Add_Charac_Desc
                0x10044794      0x160 ../../../../../../Library/Bluetooth_LE/library\libbluenrg1_stack.a(gatt_server.o)
                0x10044794                Gatt_Add_Charac_Desc
 i.Gatt_Add_Characteristic
                0x100448f4      0x338 ../../../../../../Library/Bluetooth_LE/library\libbluenrg1_stack.a(gatt_server.o)
                0x100448f4                Gatt_Add_Characteristic
 i.Gatt_Add_Descriptor
                0x10044c2c      0x154 ../../../../../../Library/Bluetooth_LE/library\libbluenrg1_stack.a(gatt_server.o)
                0x10044c2c                Gatt_Add_Descriptor
 i.Gatt_Add_Service
                0x10044d80      0x160 ../../../../../../Library/Bluetooth_LE/library\libbluenrg1_stack.a(gatt_server.o)
                0x10044d80                Gatt_Add_Service
 i.Gatt_Appl_Auth_For_Read
                0x10044ee0       0xf0 ../../../../../../Library/Bluetooth_LE/library\libbluenrg1_stack.a(gatt_server.o)
                0x10044ee0                Gatt_Appl_Auth_For_Read
 i.Gatt_Find_Srv_From_Handle
                0x10044fd0       0x2c ../../../../../../Library/Bluetooth_LE/library\libbluenrg1_stack.a(gatt_server.o)
                0x10044fd0                Gatt_Find_Srv_From_Handle
 i.Gatt_Find_Srv_Owner_Of_Handle
                0x10044ffc       0x48 ../../../../../../Library/Bluetooth_LE/library\libbluenrg1_stack.a(gatt_server.o)
                0x10044ffc                Gatt_Find_Srv_Owner_Of_Handle
 i.Gatt_Find_Timed_Out_Connection_Index
                0x10045044       0x38 ../../../../../../Library/Bluetooth_LE/library\libbluenrg1_stack.a(gatt_server.o)
                0x10045044                Gatt_Find_Timed_Out_Connection_Index
 i.Gatt_Flush_Pending_AclPacket_Lists
                0x1004507c       0x34 ../../../../../../Library/Bluetooth_LE/library\libbluenrg1_stack.a(gatt_server.o)
 i.Gatt_Process_Q
                0x100450b0      0x19c ../../../../../../Library/Bluetooth_LE/library\libbluenrg1_stack.a(gatt_server.o)
                0x100450b0                Gatt_Process_Q
 i.Gatt_Reset_To_Closed_State
                0x1004524c       0xfc ../../../../../../Library/Bluetooth_LE/library\libbluenrg1_stack.a(gatt_server.o)
 i.Gatt_Server_Db_Check
                0x10045348       0x34 ../../../../../../Library/Bluetooth_LE/library\libbluenrg1_stack.a(gatt_server.o)
                0x10045348                Gatt_Server_Db_Check
 i.Gatt_Server_Init
                0x1004537c      0x190 ../../../../../../Library/Bluetooth_LE/library\libbluenrg1_stack.a(gatt_server.o)
                0x1004537c                Gatt_Server_Init
 i.Gatt_Server_L2C_Handler
                0x1004550c      0x200 ../../../../../../Library/Bluetooth_LE/library\libbluenrg1_stack.a(gatt_server.o)
                0x1004550c                Gatt_Server_L2C_Handler
 i.Gatt_Server_L2C_Handler_ISR
                0x1004570c       0x4c ../../../../../../Library/Bluetooth_LE/library\libbluenrg1_stack.a(gatt_server.o)
                0x1004570c                Gatt_Server_L2C_Handler_ISR
 i.Gatt_Store_Server_Database_And_Reset_CCCD
                0x10045758      0x16c ../../../../../../Library/Bluetooth_LE/library\libbluenrg1_stack.a(gatt_server.o)
 i.Gatt_Update_Charac_Value
                0x100458c4       0x68 ../../../../../../Library/Bluetooth_LE/library\libbluenrg1_stack.a(gatt_server.o)
                0x100458c4                Gatt_Update_Charac_Value
 i.Gatt_Update_Charac_Value_Ext
                0x1004592c      0x38c ../../../../../../Library/Bluetooth_LE/library\libbluenrg1_stack.a(gatt_server.o)
                0x1004592c                Gatt_Update_Charac_Value_Ext
 i.Gatt_fetch_handle
                0x10045cb8       0x3c ../../../../../../Library/Bluetooth_LE/library\libbluenrg1_stack.a(gatt_server.o)
                0x10045cb8                Gatt_fetch_handle
 i.Gatt_search_handle
                0x10045cf4       0x1e ../../../../../../Library/Bluetooth_LE/library\libbluenrg1_stack.a(gatt_server.o)
                0x10045cf4                Gatt_search_handle
 *fill*         0x10045d12        0x2 
 i.Gatt_search_service_handle
                0x10045d14       0x2c ../../../../../../Library/Bluetooth_LE/library\libbluenrg1_stack.a(gatt_server.o)
                0x10045d14                Gatt_search_service_handle
 i.Ind_Service_Change_Charac
                0x10045d40       0x44 ../../../../../../Library/Bluetooth_LE/library\libbluenrg1_stack.a(gatt_server.o)
                0x10045d40                Ind_Service_Change_Charac
 i.Pm_Resize_Host_Acl_Pckt
                0x10045d84        0xe ../../../../../../Library/Bluetooth_LE/library\libbluenrg1_stack.a(gatt_server.o)
 *fill*         0x10045d92        0x2 
 i.Process_Peer_Client_Data
                0x10045d94      0x1fc ../../../../../../Library/Bluetooth_LE/library\libbluenrg1_stack.a(gatt_server.o)
                0x10045d94                Process_Peer_Client_Data
 i.Process_Peer_Server_Data
                0x10045f90      0x194 ../../../../../../Library/Bluetooth_LE/library\libbluenrg1_stack.a(gatt_server.o)
                0x10045f90                Process_Peer_Server_Data
 i.Select_Next_Notification_Client
                0x10046124       0x50 ../../../../../../Library/Bluetooth_LE/library\libbluenrg1_stack.a(gatt_server.o)
                0x10046124                Select_Next_Notification_Client
 i.Send_Notif_Or_Ind
                0x10046174       0x4c ../../../../../../Library/Bluetooth_LE/library\libbluenrg1_stack.a(gatt_server.o)
                0x10046174                Send_Notif_Or_Ind
 i.aci_gatt_indication_event_push
                0x100461c0       0x90 ../../../../../../Library/Bluetooth_LE/library\libbluenrg1_stack.a(gatt_server.o)
 i.aci_gatt_notification_event_push
                0x10046250       0x90 ../../../../../../Library/Bluetooth_LE/library\libbluenrg1_stack.a(gatt_server.o)
 i.store_data   0x100462e0       0x1e ../../../../../../Library/Bluetooth_LE/library\libbluenrg1_stack.a(gatt_server.o)
                0x100462e0                store_data
 i.__ARM_common_switch8
                0x100462fe       0x1a ../../../../../../Library/Bluetooth_LE/library\libbluenrg1_stack.a(gatt_server.o)
                0x100462fe                __ARM_common_switch8
 i.HAL_Flash_Store_Data
                0x10046318       0x54 ../../../../../../Library/Bluetooth_LE/library\libbluenrg1_stack.a(hal.o)
                0x10046318                HAL_Flash_Store_Data
 i.HAL_Generate_Random_Bytes_To
                0x1004636c       0x20 ../../../../../../Library/Bluetooth_LE/library\libbluenrg1_stack.a(hal.o)
                0x1004636c                HAL_Generate_Random_Bytes_To
 i.HAL_Set_TX_Power_Level
                0x1004638c       0x44 ../../../../../../Library/Bluetooth_LE/library\libbluenrg1_stack.a(hal.o)
                0x1004638c                HAL_Set_TX_Power_Level
 i.HAL_Write_ConfigData
                0x100463d0      0x11c ../../../../../../Library/Bluetooth_LE/library\libbluenrg1_stack.a(hal.o)
                0x100463d0                HAL_Write_ConfigData
 i.Hal_Get_Random_Number
                0x100464ec       0x3a ../../../../../../Library/Bluetooth_LE/library\libbluenrg1_stack.a(hal.o)
                0x100464ec                Hal_Get_Random_Number
 i.Hal_Get_Random_Number32
                0x10046526       0x12 ../../../../../../Library/Bluetooth_LE/library\libbluenrg1_stack.a(hal.o)
                0x10046526                Hal_Get_Random_Number32
 i.ble_HAL_Init
                0x10046538       0x1c ../../../../../../Library/Bluetooth_LE/library\libbluenrg1_stack.a(hal.o)
                0x10046538                ble_HAL_Init
 i.char_copy    0x10046554       0x12 ../../../../../../Library/Bluetooth_LE/library\libbluenrg1_stack.a(hal.o)
                0x10046554                char_copy
 *fill*         0x10046566        0x2 
 i.hal_radio_activity_state_callback_check
                0x10046568       0x34 ../../../../../../Library/Bluetooth_LE/library\libbluenrg1_stack.a(hal.o)
                0x10046568                hal_radio_activity_state_callback_check
 i.hal_radio_activity_state_init
                0x1004659c       0x1c ../../../../../../Library/Bluetooth_LE/library\libbluenrg1_stack.a(hal.o)
                0x1004659c                hal_radio_activity_state_init
 i.hal_read_radio_activity_state
                0x100465b8       0x40 ../../../../../../Library/Bluetooth_LE/library\libbluenrg1_stack.a(hal.o)
                0x100465b8                hal_read_radio_activity_state
 i.set_string   0x100465f8       0x10 ../../../../../../Library/Bluetooth_LE/library\libbluenrg1_stack.a(hal.o)
                0x100465f8                set_string
 i.Controller_Process_Q
                0x10046608       0x1c ../../../../../../Library/Bluetooth_LE/library\libbluenrg1_stack.a(hci.o)
                0x10046608                Controller_Process_Q
 i.HCI_Init     0x10046624       0x74 ../../../../../../Library/Bluetooth_LE/library\libbluenrg1_stack.a(hci.o)
                0x10046624                HCI_Init
 i.PKA_Offline_Processing_ucfg
                0x10046698        0x2 ../../../../../../Library/Bluetooth_LE/library\libbluenrg1_stack.a(hci.o)
                0x10046698                PKA_Offline_Processing_ucfg
 i.PRIV_controller_privacy_csr_ucfg
                0x1004669a        0x4 ../../../../../../Library/Bluetooth_LE/library\libbluenrg1_stack.a(hci.o)
                0x1004669a                PRIV_controller_privacy_csr_ucfg
 i.data_length_extension_csr_ucfg
                0x1004669e        0x4 ../../../../../../Library/Bluetooth_LE/library\libbluenrg1_stack.a(hci.o)
                0x1004669e                data_length_extension_csr_ucfg
 *fill*         0x100466a2        0x2 
 i.hci_acl_Process_Q
                0x100466a4       0x70 ../../../../../../Library/Bluetooth_LE/library\libbluenrg1_stack.a(hci.o)
                0x100466a4                hci_acl_Process_Q
 i.hci_le_long_term_key_request_reply
                0x10046714        0xe ../../../../../../Library/Bluetooth_LE/library\libbluenrg1_stack.a(hci.o)
                0x10046714                hci_le_long_term_key_request_reply
 i.hci_le_long_term_key_requested_negative_reply
                0x10046722        0xe ../../../../../../Library/Bluetooth_LE/library\libbluenrg1_stack.a(hci.o)
                0x10046722                hci_le_long_term_key_requested_negative_reply
 i.hci_le_set_scan_response_data
                0x10046730       0x16 ../../../../../../Library/Bluetooth_LE/library\libbluenrg1_stack.a(hci.o)
                0x10046730                hci_le_set_scan_response_data
 *fill*         0x10046746        0x2 
 i.hci_rx_acl_data
                0x10046748       0x6c ../../../../../../Library/Bluetooth_LE/library\libbluenrg1_stack.a(hci.o)
                0x10046748                hci_rx_acl_data
 i.hci_tx_acl_data_done
                0x100467b4       0x48 ../../../../../../Library/Bluetooth_LE/library\libbluenrg1_stack.a(hci.o)
                0x100467b4                hci_tx_acl_data_done
 i.HAL_VTimerAcc_sysT32_ms
                0x100467fc       0x24 ../../../../../../Library/Bluetooth_LE/library\libbluenrg1_stack.a(host_timer.o)
                0x100467fc                HAL_VTimerAcc_sysT32_ms
 i.HAL_VTimerGetCurrentTime_sysT32
                0x10046820       0x12 ../../../../../../Library/Bluetooth_LE/library\libbluenrg1_stack.a(host_timer.o)
                0x10046820                HAL_VTimerGetCurrentTime_sysT32
 i.HAL_VTimerStart_ms
                0x10046832       0x1a ../../../../../../Library/Bluetooth_LE/library\libbluenrg1_stack.a(host_timer.o)
                0x10046832                HAL_VTimerStart_ms
 i.HAL_VTimerStart_sysT32
                0x1004684c       0x1a ../../../../../../Library/Bluetooth_LE/library\libbluenrg1_stack.a(host_timer.o)
                0x1004684c                HAL_VTimerStart_sysT32
 *fill*         0x10046866        0x2 
 i.Set_Host_Timer_value
                0x10046868       0x50 ../../../../../../Library/Bluetooth_LE/library\libbluenrg1_stack.a(host_timer.o)
                0x10046868                Set_Host_Timer_value
 i.TimerCallback
                0x100468b8       0x7c ../../../../../../Library/Bluetooth_LE/library\libbluenrg1_stack.a(host_timer.o)
 i.Timer_ExpiryCallback
                0x10046934       0x14 ../../../../../../Library/Bluetooth_LE/library\libbluenrg1_stack.a(host_timer.o)
                0x10046934                Timer_ExpiryCallback
 i.Timer_Init   0x10046948       0x38 ../../../../../../Library/Bluetooth_LE/library\libbluenrg1_stack.a(host_timer.o)
                0x10046948                Timer_Init
 i.Timer_ProcessQ
                0x10046980      0x11c ../../../../../../Library/Bluetooth_LE/library\libbluenrg1_stack.a(host_timer.o)
                0x10046980                Timer_ProcessQ
 i.Timer_StartOneShot
                0x10046a9c       0x22 ../../../../../../Library/Bluetooth_LE/library\libbluenrg1_stack.a(host_timer.o)
                0x10046a9c                Timer_StartOneShot
 *fill*         0x10046abe        0x2 
 i.Timer_StartOneShot_sysTime32
                0x10046ac0       0x78 ../../../../../../Library/Bluetooth_LE/library\libbluenrg1_stack.a(host_timer.o)
                0x10046ac0                Timer_StartOneShot_sysTime32
 i.Timer_StopOneShot
                0x10046b38       0x58 ../../../../../../Library/Bluetooth_LE/library\libbluenrg1_stack.a(host_timer.o)
                0x10046b38                Timer_StopOneShot
 i.Timer_sysTime32_convMachineTime
                0x10046b90       0x24 ../../../../../../Library/Bluetooth_LE/library\libbluenrg1_stack.a(host_timer.o)
                0x10046b90                Timer_sysTime32_convMachineTime
 i.L2C_Build_Command_Reject_Pdu
                0x10046bb4       0x7c ../../../../../../Library/Bluetooth_LE/library\libbluenrg1_stack.a(l2cap.o)
                0x10046bb4                L2C_Build_Command_Reject_Pdu
 i.L2C_Connection_Complete_Handler
                0x10046c30       0x24 ../../../../../../Library/Bluetooth_LE/library\libbluenrg1_stack.a(l2cap.o)
                0x10046c30                L2C_Connection_Complete_Handler
 i.L2C_Connection_Complete_Signal_Handler
                0x10046c54       0x2a ../../../../../../Library/Bluetooth_LE/library\libbluenrg1_stack.a(l2cap.o)
                0x10046c54                L2C_Connection_Complete_Signal_Handler
 *fill*         0x10046c7e        0x2 
 i.L2C_Get_Connection_Info
                0x10046c80       0x34 ../../../../../../Library/Bluetooth_LE/library\libbluenrg1_stack.a(l2cap.o)
 i.L2C_Get_Connection_Info_Index
                0x10046cb4       0x30 ../../../../../../Library/Bluetooth_LE/library\libbluenrg1_stack.a(l2cap.o)
 i.L2C_Get_PDU_Len
                0x10046ce4        0xe ../../../../../../Library/Bluetooth_LE/library\libbluenrg1_stack.a(l2cap.o)
                0x10046ce4                L2C_Get_PDU_Len
 *fill*         0x10046cf2        0x2 
 i.L2C_Init     0x10046cf4       0x58 ../../../../../../Library/Bluetooth_LE/library\libbluenrg1_stack.a(l2cap.o)
                0x10046cf4                L2C_Init
 i.L2C_Mux_Acl_Packet
                0x10046d4c       0x58 ../../../../../../Library/Bluetooth_LE/library\libbluenrg1_stack.a(l2cap.o)
 i.L2C_Rcv_Data
                0x10046da4       0xa6 ../../../../../../Library/Bluetooth_LE/library\libbluenrg1_stack.a(l2cap.o)
 i.L2C_Rcv_Event_Handler
                0x10046e4a       0x1e ../../../../../../Library/Bluetooth_LE/library\libbluenrg1_stack.a(l2cap.o)
                0x10046e4a                L2C_Rcv_Event_Handler
 i.L2C_Rcv_Event_Handler_ISR
                0x10046e68       0x52 ../../../../../../Library/Bluetooth_LE/library\libbluenrg1_stack.a(l2cap.o)
                0x10046e68                L2C_Rcv_Event_Handler_ISR
 *fill*         0x10046eba        0x2 
 i.L2C_Reset_To_Closed_State
                0x10046ebc       0x7c ../../../../../../Library/Bluetooth_LE/library\libbluenrg1_stack.a(l2cap.o)
 i.L2C_Send_Data
                0x10046f38       0x4c ../../../../../../Library/Bluetooth_LE/library\libbluenrg1_stack.a(l2cap.o)
                0x10046f38                L2C_Send_Data
 i.L2C_SigChan_Req_TimeOut_Handler
                0x10046f84       0x60 ../../../../../../Library/Bluetooth_LE/library\libbluenrg1_stack.a(l2cap.o)
                0x10046f84                L2C_SigChan_Req_TimeOut_Handler
 i.L2C_Signal_Channel_Handler
                0x10046fe4      0x1b4 ../../../../../../Library/Bluetooth_LE/library\libbluenrg1_stack.a(l2cap.o)
                0x10046fe4                L2C_Signal_Channel_Handler
 i.L2C_Signal_Channel_Handler_ISR
                0x10047198       0x24 ../../../../../../Library/Bluetooth_LE/library\libbluenrg1_stack.a(l2cap.o)
                0x10047198                L2C_Signal_Channel_Handler_ISR
 i.L2C_discard_corrupted_acl_packet
                0x100471bc       0x5c ../../../../../../Library/Bluetooth_LE/library\libbluenrg1_stack.a(l2cap.o)
 i.aci_l2cap_connection_update_req_event_push
                0x10047218       0x98 ../../../../../../Library/Bluetooth_LE/library\libbluenrg1_stack.a(l2cap.o)
 i.Data_Length_Update_Control_ISR_ucfg
                0x100472b0        0x4 ../../../../../../Library/Bluetooth_LE/library\libbluenrg1_stack.a(ll_isr.o)
                0x100472b0                Data_Length_Update_Control_ISR_ucfg
 i.RAL_Isr      0x100472b4      0x21c ../../../../../../Library/Bluetooth_LE/library\libbluenrg1_stack.a(ll_isr.o)
                0x100472b4                RAL_Isr
 i.copy_4_u32   0x100474d0       0x12 ../../../../../../Library/Bluetooth_LE/library\libbluenrg1_stack.a(ll_isr.o)
                0x100474d0                copy_4_u32
 *fill*         0x100474e2        0x2 
 i.copy_tx_data_packet
                0x100474e4       0x84 ../../../../../../Library/Bluetooth_LE/library\libbluenrg1_stack.a(ll_isr.o)
                0x100474e4                copy_tx_data_packet
 i.encrypt      0x10047568       0x74 ../../../../../../Library/Bluetooth_LE/library\libbluenrg1_stack.a(ll_isr.o)
                0x10047568                encrypt
 i.isr_advertise_state
                0x100475dc      0x390 ../../../../../../Library/Bluetooth_LE/library\libbluenrg1_stack.a(ll_isr.o)
 i.isr_connect_slave_state
                0x1004796c      0x7d4 ../../../../../../Library/Bluetooth_LE/library\libbluenrg1_stack.a(ll_isr.o)
 i.isr_test_rx_state
                0x10048140       0x38 ../../../../../../Library/Bluetooth_LE/library\libbluenrg1_stack.a(ll_isr.o)
 i.isr_test_tx_state
                0x10048178       0x68 ../../../../../../Library/Bluetooth_LE/library\libbluenrg1_stack.a(ll_isr.o)
 i.isr_unknown_state
                0x100481e0       0x2c ../../../../../../Library/Bluetooth_LE/library\libbluenrg1_stack.a(ll_isr.o)
 i.state_func_call_init_csr_ucfg
                0x1004820c        0x2 ../../../../../../Library/Bluetooth_LE/library\libbluenrg1_stack.a(ll_isr.o)
                0x1004820c                state_func_call_init_csr_ucfg
 i.__ARM_common_memcpy1_6
                0x1004820e       0x1a ../../../../../../Library/Bluetooth_LE/library\libbluenrg1_stack.a(ll_isr.o)
                0x1004820e                __ARM_common_memcpy1_6
 i.LL_LE_Clear_White_List
                0x10048228       0x28 ../../../../../../Library/Bluetooth_LE/library\libbluenrg1_stack.a(ll_privacy.o)
                0x10048228                LL_LE_Clear_White_List
 i.PRIVWHIT_u8SearchAddrInList
                0x10048250       0x84 ../../../../../../Library/Bluetooth_LE/library\libbluenrg1_stack.a(ll_privacy.o)
                0x10048250                PRIVWHIT_u8SearchAddrInList
 i.PRIVWHIT_vInit_Struct
                0x100482d4       0xb4 ../../../../../../Library/Bluetooth_LE/library\libbluenrg1_stack.a(ll_privacy.o)
                0x100482d4                PRIVWHIT_vInit_Struct
 i.PRIV_SearchAddrInWhiteList
                0x10048388       0x58 ../../../../../../Library/Bluetooth_LE/library\libbluenrg1_stack.a(ll_privacy.o)
                0x10048388                PRIV_SearchAddrInWhiteList
 i.PRIV_u32ProcessAdvPacket_ucfg
                0x100483e0        0x4 ../../../../../../Library/Bluetooth_LE/library\libbluenrg1_stack.a(ll_privacy.o)
                0x100483e0                PRIV_u32ProcessAdvPacket_ucfg
 i.PRIV_u8OfflineProcessing_ucfg
                0x100483e4        0x4 ../../../../../../Library/Bluetooth_LE/library\libbluenrg1_stack.a(ll_privacy.o)
                0x100483e4                PRIV_u8OfflineProcessing_ucfg
 i.PRIV_vGeneratePrivateAddress_ucfg
                0x100483e8        0x2 ../../../../../../Library/Bluetooth_LE/library\libbluenrg1_stack.a(ll_privacy.o)
                0x100483e8                PRIV_vGeneratePrivateAddress_ucfg
 i.PRIV_vGenerate_hci_le_enhanced_connection_complete_event_ucfg
                0x100483ea        0x2 ../../../../../../Library/Bluetooth_LE/library\libbluenrg1_stack.a(ll_privacy.o)
                0x100483ea                PRIV_vGenerate_hci_le_enhanced_connection_complete_event_ucfg
 i.Data_Len_Update_Offline_Processing_ucfg
                0x100483ec        0x2 ../../../../../../Library/Bluetooth_LE/library\libbluenrg1_stack.a(ll_routines.o)
                0x100483ec                Data_Len_Update_Offline_Processing_ucfg
 *fill*         0x100483ee        0x2 
 i.Disconnection_Offline_Processing
                0x100483f0       0x48 ../../../../../../Library/Bluetooth_LE/library\libbluenrg1_stack.a(ll_routines.o)
                0x100483f0                Disconnection_Offline_Processing
 i.LL_Data_Length_Change_Event_ucfg
                0x10048438        0x4 ../../../../../../Library/Bluetooth_LE/library\libbluenrg1_stack.a(ll_routines.o)
                0x10048438                LL_Data_Length_Change_Event_ucfg
 i.LL_Send_Disconnection_Req
                0x1004843c       0xa4 ../../../../../../Library/Bluetooth_LE/library\libbluenrg1_stack.a(ll_routines.o)
                0x1004843c                LL_Send_Disconnection_Req
 i.LL_Send_Length_Resp_ucfg
                0x100484e0        0x4 ../../../../../../Library/Bluetooth_LE/library\libbluenrg1_stack.a(ll_routines.o)
                0x100484e0                LL_Send_Length_Resp_ucfg
 i.ll_write_supported_data_ucfg
                0x100484e4        0x4 ../../../../../../Library/Bluetooth_LE/library\libbluenrg1_stack.a(ll_routines.o)
                0x100484e4                ll_write_supported_data_ucfg
 i.read_rssi    0x100484e8       0x7c ../../../../../../Library/Bluetooth_LE/library\libbluenrg1_stack.a(ll_routines.o)
                0x100484e8                read_rssi
 i.Reclassify_All_Channels_ucfg
                0x10048564        0x2 ../../../../../../Library/Bluetooth_LE/library\libbluenrg1_stack.a(ll_routines_master.o)
                0x10048564                Reclassify_All_Channels_ucfg
 *fill*         0x10048566        0x2 
 i.hci_encryption_change_event_push
                0x10048568       0x5c ../../../../../../Library/Bluetooth_LE/library\libbluenrg1_stack.a(ll_routines_master.o)
 i.hci_encryption_key_refresh_complete_event_push
                0x100485c4       0x58 ../../../../../../Library/Bluetooth_LE/library\libbluenrg1_stack.a(ll_routines_master.o)
 i.hci_le_connection_complete_event_push
                0x1004861c       0x88 ../../../../../../Library/Bluetooth_LE/library\libbluenrg1_stack.a(ll_routines_master.o)
 i.hci_le_connection_update_complete_event_push
                0x100486a4       0x6c ../../../../../../Library/Bluetooth_LE/library\libbluenrg1_stack.a(ll_routines_master.o)
 i.isr_event_handler
                0x10048710      0x600 ../../../../../../Library/Bluetooth_LE/library\libbluenrg1_stack.a(ll_routines_master.o)
                0x10048710                isr_event_handler
 i.isr_event_handler_scan_data_ucfg
                0x10048d10        0x2 ../../../../../../Library/Bluetooth_LE/library\libbluenrg1_stack.a(ll_routines_master.o)
                0x10048d10                isr_event_handler_scan_data_ucfg
 *fill*         0x10048d12        0x2 
 i.LL_Encrypt_Plain_Data_ucfg
                0x10048d14       0xa0 ../../../../../../Library/Bluetooth_LE/library\libbluenrg1_stack.a(ll_routines_support.o)
                0x10048d14                LL_Encrypt_Plain_Data_ucfg
 i.LL_Set_LTK   0x10048db4       0x9c ../../../../../../Library/Bluetooth_LE/library\libbluenrg1_stack.a(ll_routines_support.o)
                0x10048db4                LL_Set_LTK
 i.Dynamic_allocator
                0x10048e50      0x260 ../../../../../../Library/Bluetooth_LE/library\libbluenrg1_stack.a(mem_alloc.o)
                0x10048e50                Dynamic_allocator
 i.Dynamic_allocator_noRet
                0x100490b0        0x2 ../../../../../../Library/Bluetooth_LE/library\libbluenrg1_stack.a(mem_alloc.o)
                0x100490b0                Dynamic_allocator_noRet
 i.Mem_assign   0x100490b2       0x16 ../../../../../../Library/Bluetooth_LE/library\libbluenrg1_stack.a(mem_alloc.o)
 i.mem_alloc_ctx_init
                0x100490c8       0xa4 ../../../../../../Library/Bluetooth_LE/library\libbluenrg1_stack.a(mem_alloc.o)
                0x100490c8                mem_alloc_ctx_init
 i.Mem_Buff_Append
                0x1004916c       0x12 ../../../../../../Library/Bluetooth_LE/library\libbluenrg1_stack.a(mem_buff.o)
                0x1004916c                Mem_Buff_Append
 i.Mem_Buff_Block_Copy
                0x1004917e       0x48 ../../../../../../Library/Bluetooth_LE/library\libbluenrg1_stack.a(mem_buff.o)
                0x1004917e                Mem_Buff_Block_Copy
 i.Mem_Buff_Block_Write
                0x100491c6       0x56 ../../../../../../Library/Bluetooth_LE/library\libbluenrg1_stack.a(mem_buff.o)
                0x100491c6                Mem_Buff_Block_Write
 i.Mem_Buff_Clone
                0x1004921c       0x32 ../../../../../../Library/Bluetooth_LE/library\libbluenrg1_stack.a(mem_buff.o)
                0x1004921c                Mem_Buff_Clone
 i.Mem_Buff_Cmp
                0x1004924e       0x78 ../../../../../../Library/Bluetooth_LE/library\libbluenrg1_stack.a(mem_buff.o)
                0x1004924e                Mem_Buff_Cmp
 i.Mem_Buff_Compact
                0x100492c6       0xba ../../../../../../Library/Bluetooth_LE/library\libbluenrg1_stack.a(mem_buff.o)
                0x100492c6                Mem_Buff_Compact
 i.Mem_Buff_Get
                0x10049380       0x2e ../../../../../../Library/Bluetooth_LE/library\libbluenrg1_stack.a(mem_buff.o)
                0x10049380                Mem_Buff_Get
 i.Mem_Buff_Get_Chain_Count
                0x100493ae       0x14 ../../../../../../Library/Bluetooth_LE/library\libbluenrg1_stack.a(mem_buff.o)
                0x100493ae                Mem_Buff_Get_Chain_Count
 i.Mem_Buff_Get_Chain_Size
                0x100493c2       0x14 ../../../../../../Library/Bluetooth_LE/library\libbluenrg1_stack.a(mem_buff.o)
                0x100493c2                Mem_Buff_Get_Chain_Size
 i.Mem_Buff_Init
                0x100493d6       0x6a ../../../../../../Library/Bluetooth_LE/library\libbluenrg1_stack.a(mem_buff.o)
                0x100493d6                Mem_Buff_Init
 i.Mem_Buff_Read
                0x10049440       0x62 ../../../../../../Library/Bluetooth_LE/library\libbluenrg1_stack.a(mem_buff.o)
                0x10049440                Mem_Buff_Read
 i.Mem_Buff_Release
                0x100494a2       0x36 ../../../../../../Library/Bluetooth_LE/library\libbluenrg1_stack.a(mem_buff.o)
                0x100494a2                Mem_Buff_Release
 i.Mem_Buff_Resize
                0x100494d8       0x8e ../../../../../../Library/Bluetooth_LE/library\libbluenrg1_stack.a(mem_buff.o)
                0x100494d8                Mem_Buff_Resize
 i.Mem_Buff_Write
                0x10049566       0x68 ../../../../../../Library/Bluetooth_LE/library\libbluenrg1_stack.a(mem_buff.o)
                0x10049566                Mem_Buff_Write
 *fill*         0x100495ce        0x2 
 i.adapt_slot   0x100495d0      0x260 ../../../../../../Library/Bluetooth_LE/library\libbluenrg1_stack.a(multi_master_time.o)
 i.advance_slave_timing_MultiSlave
                0x10049830      0x2cc ../../../../../../Library/Bluetooth_LE/library\libbluenrg1_stack.a(multi_master_time.o)
                0x10049830                advance_slave_timing_MultiSlave
 i.cancel_current_master
                0x10049afc      0x1a8 ../../../../../../Library/Bluetooth_LE/library\libbluenrg1_stack.a(multi_master_time.o)
                0x10049afc                cancel_current_master
 i.get_advertiser
                0x10049ca4       0x48 ../../../../../../Library/Bluetooth_LE/library\libbluenrg1_stack.a(multi_master_time.o)
                0x10049ca4                get_advertiser
 i.get_connection_no
                0x10049cec       0x8c ../../../../../../Library/Bluetooth_LE/library\libbluenrg1_stack.a(multi_master_time.o)
                0x10049cec                get_connection_no
 i.get_next_free_slot
                0x10049d78       0x34 ../../../../../../Library/Bluetooth_LE/library\libbluenrg1_stack.a(multi_master_time.o)
                0x10049d78                get_next_free_slot
 i.get_scan_connection
                0x10049dac       0x48 ../../../../../../Library/Bluetooth_LE/library\libbluenrg1_stack.a(multi_master_time.o)
                0x10049dac                get_scan_connection
 i.is_slave     0x10049df4       0x34 ../../../../../../Library/Bluetooth_LE/library\libbluenrg1_stack.a(multi_master_time.o)
                0x10049df4                is_slave
 i.nsar_init    0x10049e28       0x1c ../../../../../../Library/Bluetooth_LE/library\libbluenrg1_stack.a(multi_master_time.o)
                0x10049e28                nsar_init
 i.nsar_insertSlotListEntry
                0x10049e44       0x20 ../../../../../../Library/Bluetooth_LE/library\libbluenrg1_stack.a(multi_master_time.o)
 i.nsar_searchBestFreeSlot
                0x10049e64       0xc4 ../../../../../../Library/Bluetooth_LE/library\libbluenrg1_stack.a(multi_master_time.o)
 i.nsar_updateBestFreeSlot
                0x10049f28       0x22 ../../../../../../Library/Bluetooth_LE/library\libbluenrg1_stack.a(multi_master_time.o)
 *fill*         0x10049f4a        0x2 
 i.nsar_updateSlotListEntry
                0x10049f4c       0x6c ../../../../../../Library/Bluetooth_LE/library\libbluenrg1_stack.a(multi_master_time.o)
 i.schedule_advertise_slot
                0x10049fb8       0xb4 ../../../../../../Library/Bluetooth_LE/library\libbluenrg1_stack.a(multi_master_time.o)
                0x10049fb8                schedule_advertise_slot
 i.start_timebase
                0x1004a06c       0xbc ../../../../../../Library/Bluetooth_LE/library\libbluenrg1_stack.a(multi_master_time.o)
                0x1004a06c                start_timebase
 i.swap_u16     0x1004a128        0xa ../../../../../../Library/Bluetooth_LE/library\libbluenrg1_stack.a(multi_master_time.o)
 *fill*         0x1004a132        0x2 
 i.timebase_start_connect
                0x1004a134       0x3c ../../../../../../Library/Bluetooth_LE/library\libbluenrg1_stack.a(multi_master_time.o)
                0x1004a134                timebase_start_connect
 i.Flash_Write_Flagged
                0x1004a170       0x3c ../../../../../../Library/Bluetooth_LE/library\libbluenrg1_stack.a(nvm.o)
                0x1004a170                Flash_Write_Flagged
 i.Is_Flash_Write_On_Going
                0x1004a1ac       0x10 ../../../../../../Library/Bluetooth_LE/library\libbluenrg1_stack.a(nvm.o)
                0x1004a1ac                Is_Flash_Write_On_Going
 i.PM_Check_And_Set
                0x1004a1bc       0x50 ../../../../../../Library/Bluetooth_LE/library\libbluenrg1_stack.a(pm.o)
 i.PM_Clone_Pckt
                0x1004a20c       0x22 ../../../../../../Library/Bluetooth_LE/library\libbluenrg1_stack.a(pm.o)
                0x1004a20c                PM_Clone_Pckt
 *fill*         0x1004a22e        0x2 
 i.PM_Compact   0x1004a230       0x54 ../../../../../../Library/Bluetooth_LE/library\libbluenrg1_stack.a(pm.o)
                0x1004a230                PM_Compact
 i.PM_Copy_Pckt_Data
                0x1004a284       0x12 ../../../../../../Library/Bluetooth_LE/library\libbluenrg1_stack.a(pm.o)
                0x1004a284                PM_Copy_Pckt_Data
 *fill*         0x1004a296        0x2 
 i.PM_Eng_Config
                0x1004a298       0x18 ../../../../../../Library/Bluetooth_LE/library\libbluenrg1_stack.a(pm.o)
                0x1004a298                PM_Eng_Config
 i.PM_Extract_Pdu_MBuff
                0x1004a2b0        0xc ../../../../../../Library/Bluetooth_LE/library\libbluenrg1_stack.a(pm.o)
                0x1004a2b0                PM_Extract_Pdu_MBuff
 i.PM_Get_Available_Buffer
                0x1004a2bc       0x3c ../../../../../../Library/Bluetooth_LE/library\libbluenrg1_stack.a(pm.o)
                0x1004a2bc                PM_Get_Available_Buffer
 i.PM_Get_Mem_Buff_Count
                0x1004a2f8        0xa ../../../../../../Library/Bluetooth_LE/library\libbluenrg1_stack.a(pm.o)
                0x1004a2f8                PM_Get_Mem_Buff_Count
 *fill*         0x1004a302        0x2 
 i.PM_Get_Pckt  0x1004a304       0x44 ../../../../../../Library/Bluetooth_LE/library\libbluenrg1_stack.a(pm.o)
                0x1004a304                PM_Get_Pckt
 i.PM_Init      0x1004a348       0x68 ../../../../../../Library/Bluetooth_LE/library\libbluenrg1_stack.a(pm.o)
                0x1004a348                PM_Init
 i.PM_Pckt_Cmp  0x1004a3b0        0xa ../../../../../../Library/Bluetooth_LE/library\libbluenrg1_stack.a(pm.o)
                0x1004a3b0                PM_Pckt_Cmp
 *fill*         0x1004a3ba        0x2 
 i.PM_Release_Acl_Pckt
                0x1004a3bc       0x3c ../../../../../../Library/Bluetooth_LE/library\libbluenrg1_stack.a(pm.o)
                0x1004a3bc                PM_Release_Acl_Pckt
 i.PM_Resize_Pckt_Pdu_Size
                0x1004a3f8       0x6c ../../../../../../Library/Bluetooth_LE/library\libbluenrg1_stack.a(pm.o)
                0x1004a3f8                PM_Resize_Pckt_Pdu_Size
 i.PM_Write_Pckt_Data
                0x1004a464       0x12 ../../../../../../Library/Bluetooth_LE/library\libbluenrg1_stack.a(pm.o)
                0x1004a464                PM_Write_Pckt_Data
 i.Accu_Handles_Requiring_Auth
                0x1004a476       0x6e ../../../../../../Library/Bluetooth_LE/library\libbluenrg1_stack.a(rom_att.o)
                0x1004a476                Accu_Handles_Requiring_Auth
 i.Accu_UuidTypes_Requiring_Auth
                0x1004a4e4       0xea ../../../../../../Library/Bluetooth_LE/library\libbluenrg1_stack.a(rom_att.o)
                0x1004a4e4                Accu_UuidTypes_Requiring_Auth
 *fill*         0x1004a5ce        0x2 
 i.GAP_Privacy1v2
                0x1004a5d0      0x1d8 ../../../../../../Library/Bluetooth_LE/library\libbluenrg1_stack.a(rom_gap.o)
                0x1004a5d0                GAP_Privacy1v2
 i.GAP_PrivateAddrTimercb
                0x1004a7a8       0x48 ../../../../../../Library/Bluetooth_LE/library\libbluenrg1_stack.a(rom_gap.o)
                0x1004a7a8                GAP_PrivateAddrTimercb
 i.GapIsPrivacySupported
                0x1004a7f0       0x14 ../../../../../../Library/Bluetooth_LE/library\libbluenrg1_stack.a(rom_gap.o)
                0x1004a7f0                GapIsPrivacySupported
 i.Generate_Non_Resolvable_Private_Address
                0x1004a804       0x88 ../../../../../../Library/Bluetooth_LE/library\libbluenrg1_stack.a(rom_gap.o)
                0x1004a804                Generate_Non_Resolvable_Private_Address
 i.GAP_Notify_Add_Charac
                0x1004a88c       0x70 ../../../../../../Library/Bluetooth_LE/library\libbluenrg1_stack.a(rom_gap_rom.o)
                0x1004a88c                GAP_Notify_Add_Charac
 i.Get_GAP_Handle
                0x1004a8fc       0x10 ../../../../../../Library/Bluetooth_LE/library\libbluenrg1_stack.a(rom_gap_rom.o)
                0x1004a8fc                Get_GAP_Handle
 i.Get_StaticRandAddr
                0x1004a90c       0x14 ../../../../../../Library/Bluetooth_LE/library\libbluenrg1_stack.a(rom_gap_rom.o)
                0x1004a90c                Get_StaticRandAddr
 i.Check_Encry_Key_Size
                0x1004a920       0x18 ../../../../../../Library/Bluetooth_LE/library\libbluenrg1_stack.a(rom_gatt_server.o)
                0x1004a920                Check_Encry_Key_Size
 i.GATT_Num_Charac_Present
                0x1004a938       0x3a ../../../../../../Library/Bluetooth_LE/library\libbluenrg1_stack.a(rom_gatt_server.o)
                0x1004a938                GATT_Num_Charac_Present
 *fill*         0x1004a972        0x2 
 i.Start_Gatt_Timer
                0x1004a974       0x24 ../../../../../../Library/Bluetooth_LE/library\libbluenrg1_stack.a(rom_gatt_server.o)
                0x1004a974                Start_Gatt_Timer
 i.Stop_Gatt_Timer
                0x1004a998       0x1c ../../../../../../Library/Bluetooth_LE/library\libbluenrg1_stack.a(rom_gatt_server.o)
                0x1004a998                Stop_Gatt_Timer
 i.List_Circular_Get_Size
                0x1004a9b4       0x14 ../../../../../../Library/Bluetooth_LE/library\libbluenrg1_stack.a(rom_list.o)
                0x1004a9b4                List_Circular_Get_Size
 i.List_Circular_Insert_Tail
                0x1004a9c8        0xe ../../../../../../Library/Bluetooth_LE/library\libbluenrg1_stack.a(rom_list.o)
                0x1004a9c8                List_Circular_Insert_Tail
 i.List_Circular_Node_Present
                0x1004a9d6       0x16 ../../../../../../Library/Bluetooth_LE/library\libbluenrg1_stack.a(rom_list.o)
                0x1004a9d6                List_Circular_Node_Present
 i.List_Circular_Remove_Head
                0x1004a9ec       0x1a ../../../../../../Library/Bluetooth_LE/library\libbluenrg1_stack.a(rom_list.o)
                0x1004a9ec                List_Circular_Remove_Head
 i.List_Circular_Remove_Node
                0x1004aa06       0x20 ../../../../../../Library/Bluetooth_LE/library\libbluenrg1_stack.a(rom_list.o)
                0x1004aa06                List_Circular_Remove_Node
 *fill*         0x1004aa26        0x2 
 i.isr_postproc1
                0x1004aa28      0x110 ../../../../../../Library/Bluetooth_LE/library\libbluenrg1_stack.a(rom_ll_isr_postproc.o)
                0x1004aa28                isr_postproc1
 i.isr_postproc_encrypt_data
                0x1004ab38       0x16 ../../../../../../Library/Bluetooth_LE/library\libbluenrg1_stack.a(rom_ll_isr_postproc.o)
                0x1004ab38                isr_postproc_encrypt_data
 i.wait_for_aes_ready
                0x1004ab4e       0x24 ../../../../../../Library/Bluetooth_LE/library\libbluenrg1_stack.a(rom_ll_isr_postproc.o)
 *fill*         0x1004ab72        0x2 
 i.LL_update_proc
                0x1004ab74       0x98 ../../../../../../Library/Bluetooth_LE/library\libbluenrg1_stack.a(rom_ll_isr_routines.o)
                0x1004ab74                LL_update_proc
 i.addr_u32_from_u8
                0x1004ac0c       0x1e ../../../../../../Library/Bluetooth_LE/library\libbluenrg1_stack.a(rom_ll_isr_routines.o)
 i.cancel_connect_master_ucfg
                0x1004ac2a        0x4 ../../../../../../Library/Bluetooth_LE/library\libbluenrg1_stack.a(rom_ll_isr_routines.o)
                0x1004ac2a                cancel_connect_master_ucfg
 *fill*         0x1004ac2e        0x2 
 i.cancel_master
                0x1004ac30       0x80 ../../../../../../Library/Bluetooth_LE/library\libbluenrg1_stack.a(rom_ll_isr_routines.o)
                0x1004ac30                cancel_master
 i.get_adv_addr
                0x1004acb0       0x14 ../../../../../../Library/Bluetooth_LE/library\libbluenrg1_stack.a(rom_ll_isr_routines.o)
                0x1004acb0                get_adv_addr
 i.get_scan_addr
                0x1004acc4       0x14 ../../../../../../Library/Bluetooth_LE/library\libbluenrg1_stack.a(rom_ll_isr_routines.o)
                0x1004acc4                get_scan_addr
 i.go_to_connect
                0x1004acd8      0x298 ../../../../../../Library/Bluetooth_LE/library\libbluenrg1_stack.a(rom_ll_isr_routines.o)
                0x1004acd8                go_to_connect
 i.le2ByteToInt16
                0x1004af70        0xa ../../../../../../Library/Bluetooth_LE/library\libbluenrg1_stack.a(rom_ll_isr_routines.o)
 i.le4ByteToInt32
                0x1004af7a       0x16 ../../../../../../Library/Bluetooth_LE/library\libbluenrg1_stack.a(rom_ll_isr_routines.o)
 i.unpack_channel_map
                0x1004af90       0x2e ../../../../../../Library/Bluetooth_LE/library\libbluenrg1_stack.a(rom_ll_isr_routines.o)
                0x1004af90                unpack_channel_map
 i.unpack_update_request
                0x1004afbe       0x48 ../../../../../../Library/Bluetooth_LE/library\libbluenrg1_stack.a(rom_ll_isr_routines.o)
                0x1004afbe                unpack_update_request
 i.Is_Address_Initialized
                0x1004b006       0x18 ../../../../../../Library/Bluetooth_LE/library\libbluenrg1_stack.a(rom_ll_ll_routines.o)
                0x1004b006                Is_Address_Initialized
 i.LL_Allow_Address_Setting
                0x1004b01e       0x42 ../../../../../../Library/Bluetooth_LE/library\libbluenrg1_stack.a(rom_ll_ll_routines.o)
                0x1004b01e                LL_Allow_Address_Setting
 i.LL_Check_And_Set_Addresses
                0x1004b060      0x1f0 ../../../../../../Library/Bluetooth_LE/library\libbluenrg1_stack.a(rom_ll_ll_routines.o)
                0x1004b060                LL_Check_And_Set_Addresses
 i.LL_Enable_Disable_Adv
                0x1004b250      0x25c ../../../../../../Library/Bluetooth_LE/library\libbluenrg1_stack.a(rom_ll_ll_routines.o)
                0x1004b250                LL_Enable_Disable_Adv
 i.LL_Get_Address
                0x1004b4ac       0x30 ../../../../../../Library/Bluetooth_LE/library\libbluenrg1_stack.a(rom_ll_ll_routines.o)
                0x1004b4ac                LL_Get_Address
 i.LL_Get_AdvAddress
                0x1004b4dc       0x40 ../../../../../../Library/Bluetooth_LE/library\libbluenrg1_stack.a(rom_ll_ll_routines.o)
                0x1004b4dc                LL_Get_AdvAddress
 i.LL_Get_ScanAddress
                0x1004b51c       0x40 ../../../../../../Library/Bluetooth_LE/library\libbluenrg1_stack.a(rom_ll_ll_routines.o)
                0x1004b51c                LL_Get_ScanAddress
 i.LL_Init      0x1004b55c      0x184 ../../../../../../Library/Bluetooth_LE/library\libbluenrg1_stack.a(rom_ll_ll_routines.o)
                0x1004b55c                LL_Init
 i.LL_Send_ACL_Data
                0x1004b6e0       0x50 ../../../../../../Library/Bluetooth_LE/library\libbluenrg1_stack.a(rom_ll_ll_routines.o)
                0x1004b6e0                LL_Send_ACL_Data
 i.LL_Set_Adv_Data
                0x1004b730       0x78 ../../../../../../Library/Bluetooth_LE/library\libbluenrg1_stack.a(rom_ll_ll_routines.o)
                0x1004b730                LL_Set_Adv_Data
 i.LL_Set_Adv_PDU_Format
                0x1004b7a8       0xd0 ../../../../../../Library/Bluetooth_LE/library\libbluenrg1_stack.a(rom_ll_ll_routines.o)
                0x1004b7a8                LL_Set_Adv_PDU_Format
 i.LL_Set_Adv_Params
                0x1004b878      0x14c ../../../../../../Library/Bluetooth_LE/library\libbluenrg1_stack.a(rom_ll_ll_routines.o)
                0x1004b878                LL_Set_Adv_Params
 i.LL_Set_Advertising_Buffers
                0x1004b9c4       0x88 ../../../../../../Library/Bluetooth_LE/library\libbluenrg1_stack.a(rom_ll_ll_routines.o)
                0x1004b9c4                LL_Set_Advertising_Buffers
 i.LL_Set_DirectAddress
                0x1004ba4c       0x38 ../../../../../../Library/Bluetooth_LE/library\libbluenrg1_stack.a(rom_ll_ll_routines.o)
 i.LL_Set_OwnAddress
                0x1004ba84       0x24 ../../../../../../Library/Bluetooth_LE/library\libbluenrg1_stack.a(rom_ll_ll_routines.o)
                0x1004ba84                LL_Set_OwnAddress
 i.LL_Set_Scan_Resp_Data
                0x1004baa8       0x5c ../../../../../../Library/Bluetooth_LE/library\libbluenrg1_stack.a(rom_ll_ll_routines.o)
                0x1004baa8                LL_Set_Scan_Resp_Data
 i.LL_Update_Advertising_Buffers
                0x1004bb04       0x4c ../../../../../../Library/Bluetooth_LE/library\libbluenrg1_stack.a(rom_ll_ll_routines.o)
                0x1004bb04                LL_Update_Advertising_Buffers
 i.LL_Update_Scanning_Initiating_Buffers
                0x1004bb50       0x48 ../../../../../../Library/Bluetooth_LE/library\libbluenrg1_stack.a(rom_ll_ll_routines.o)
                0x1004bb50                LL_Update_Scanning_Initiating_Buffers
 i.addr_u32_from_u8
                0x1004bb98       0x20 ../../../../../../Library/Bluetooth_LE/library\libbluenrg1_stack.a(rom_ll_ll_routines.o)
 i.int32ToLe4Byte
                0x1004bbb8       0x10 ../../../../../../Library/Bluetooth_LE/library\libbluenrg1_stack.a(rom_ll_ll_routines.o)
 i.le4ByteToInt32
                0x1004bbc8       0x16 ../../../../../../Library/Bluetooth_LE/library\libbluenrg1_stack.a(rom_ll_ll_routines.o)
 *fill*         0x1004bbde        0x2 
 i.Blue_Set_Radio_Config_Data
                0x1004bbe0       0x24 ../../../../../../Library/Bluetooth_LE/library\libbluenrg1_stack.a(rom_ll_routines_support.o)
                0x1004bbe0                Blue_Set_Radio_Config_Data
 i.LL_Get_Adv_Tx_Power_Level
                0x1004bc04       0x18 ../../../../../../Library/Bluetooth_LE/library\libbluenrg1_stack.a(rom_ll_routines_support.o)
                0x1004bc04                LL_Get_Adv_Tx_Power_Level
 i.convert_power
                0x1004bc1c       0x24 ../../../../../../Library/Bluetooth_LE/library\libbluenrg1_stack.a(rom_ll_routines_support.o)
 i.modulo_37    0x1004bc40       0x1c ../../../../../../Library/Bluetooth_LE/library\libbluenrg1_stack.a(rom_ll_routines_support.o)
                0x1004bc40                modulo_37
 i.WindowWiden1
                0x1004bc5c        0xa ../../../../../../Library/Bluetooth_LE/library\libbluenrg1_stack.a(rom_ll_timehandling.o)
                0x1004bc5c                WindowWiden1
 i.WindowWiden2
                0x1004bc66       0x10 ../../../../../../Library/Bluetooth_LE/library\libbluenrg1_stack.a(rom_ll_timehandling.o)
                0x1004bc66                WindowWiden2
 *fill*         0x1004bc76        0x2 
 i.machine_time_trans
                0x1004bc78       0x20 ../../../../../../Library/Bluetooth_LE/library\libbluenrg1_stack.a(rom_ll_timehandling.o)
                0x1004bc78                machine_time_trans
 i.set_freq     0x1004bc98       0x88 ../../../../../../Library/Bluetooth_LE/library\libbluenrg1_stack.a(rom_ll_timehandling.o)
                0x1004bc98                set_freq
 i.set_sca      0x1004bd20       0x1c ../../../../../../Library/Bluetooth_LE/library\libbluenrg1_stack.a(rom_ll_timehandling.o)
                0x1004bd20                set_sca
 i.system_time_trans
                0x1004bd3c       0x10 ../../../../../../Library/Bluetooth_LE/library\libbluenrg1_stack.a(rom_ll_timehandling.o)
                0x1004bd3c                system_time_trans
 i.system_time_trans_ext
                0x1004bd4c       0x30 ../../../../../../Library/Bluetooth_LE/library\libbluenrg1_stack.a(rom_ll_timehandling.o)
                0x1004bd4c                system_time_trans_ext
 i.time_offset1
                0x1004bd7c        0xe ../../../../../../Library/Bluetooth_LE/library\libbluenrg1_stack.a(rom_ll_timehandling.o)
                0x1004bd7c                time_offset1
 *fill*         0x1004bd8a        0x2 
 i.time_offset2
                0x1004bd8c       0x10 ../../../../../../Library/Bluetooth_LE/library\libbluenrg1_stack.a(rom_ll_timehandling.o)
                0x1004bd8c                time_offset2
 i.Blue_Init_Global
                0x1004bd9c       0x9c ../../../../../../Library/Bluetooth_LE/library\libbluenrg1_stack.a(routines_support.o)
                0x1004bd9c                Blue_Init_Global
 i.advance_transmit
                0x1004be38      0x158 ../../../../../../Library/Bluetooth_LE/library\libbluenrg1_stack.a(routines_support.o)
                0x1004be38                advance_transmit
 i.microseconds_to_machine_time
                0x1004bf90        0x8 ../../../../../../Library/Bluetooth_LE/library\libbluenrg1_stack.a(routines_support.o)
                0x1004bf90                microseconds_to_machine_time
 i.slave_advance
                0x1004bf98      0x1a8 ../../../../../../Library/Bluetooth_LE/library\libbluenrg1_stack.a(routines_support.o)
                0x1004bf98                slave_advance
 i.swap_slaves  0x1004c140      0x13c ../../../../../../Library/Bluetooth_LE/library\libbluenrg1_stack.a(routines_support.o)
                0x1004c140                swap_slaves
 i.swap_u16     0x1004c27c        0xa ../../../../../../Library/Bluetooth_LE/library\libbluenrg1_stack.a(routines_support.o)
 i.swap_u32     0x1004c286        0xa ../../../../../../Library/Bluetooth_LE/library\libbluenrg1_stack.a(routines_support.o)
 i.swap_u8      0x1004c290        0xa ../../../../../../Library/Bluetooth_LE/library\libbluenrg1_stack.a(routines_support.o)
 i.Erase_Sector
                0x1004c29a        0xe ../../../../../../Library/Bluetooth_LE/library\libbluenrg1_stack.a(sdb.o)
 i.SDB_Add_Record
                0x1004c2a8      0x184 ../../../../../../Library/Bluetooth_LE/library\libbluenrg1_stack.a(sdb.o)
                0x1004c2a8                SDB_Add_Record
 i.SDB_Find_Matching_LTK
                0x1004c42c       0xa0 ../../../../../../Library/Bluetooth_LE/library\libbluenrg1_stack.a(sdb.o)
                0x1004c42c                SDB_Find_Matching_LTK
 i.SDB_Find_Record
                0x1004c4cc       0xc4 ../../../../../../Library/Bluetooth_LE/library\libbluenrg1_stack.a(sdb.o)
                0x1004c4cc                SDB_Find_Record
 i.SDB_Get_Number_Of_Valid_Records
                0x1004c590       0x44 ../../../../../../Library/Bluetooth_LE/library\libbluenrg1_stack.a(sdb.o)
                0x1004c590                SDB_Get_Number_Of_Valid_Records
 i.SDB_flash_write_client_data
                0x1004c5d4       0xbc ../../../../../../Library/Bluetooth_LE/library\libbluenrg1_stack.a(sdb.o)
                0x1004c5d4                SDB_flash_write_client_data
 i.SDB_get_security_data_record
                0x1004c690       0xe2 ../../../../../../Library/Bluetooth_LE/library\libbluenrg1_stack.a(sdb.o)
                0x1004c690                SDB_get_security_data_record
 i.SDB_read_peer_bonded_data
                0x1004c772       0x3c ../../../../../../Library/Bluetooth_LE/library\libbluenrg1_stack.a(sdb.o)
                0x1004c772                SDB_read_peer_bonded_data
 *fill*         0x1004c7ae        0x2 
 i.Write_Client_Data
                0x1004c7b0      0x1b0 ../../../../../../Library/Bluetooth_LE/library\libbluenrg1_stack.a(sdb.o)
 i.int32ToLe4Byte
                0x1004c960       0x10 ../../../../../../Library/Bluetooth_LE/library\libbluenrg1_stack.a(sdb.o)
 i.sdb_delete   0x1004c970      0x164 ../../../../../../Library/Bluetooth_LE/library\libbluenrg1_stack.a(sdb.o)
 i.sdb_find_client_data
                0x1004cad4       0xc8 ../../../../../../Library/Bluetooth_LE/library\libbluenrg1_stack.a(sdb.o)
 i.sdb_get_gatt_db_start_address
                0x1004cb9c       0x18 ../../../../../../Library/Bluetooth_LE/library\libbluenrg1_stack.a(sdb.o)
 i.sdb_invalidate_record
                0x1004cbb4       0x20 ../../../../../../Library/Bluetooth_LE/library\libbluenrg1_stack.a(sdb.o)
 i.sdb_read_record
                0x1004cbd4       0x24 ../../../../../../Library/Bluetooth_LE/library\libbluenrg1_stack.a(sdb.o)
 i.sdb_read_record_validity
                0x1004cbf8       0x10 ../../../../../../Library/Bluetooth_LE/library\libbluenrg1_stack.a(sdb.o)
 i.sdb_write_record
                0x1004cc08       0x7c ../../../../../../Library/Bluetooth_LE/library\libbluenrg1_stack.a(sdb.o)
 i.SMP_Process_Q
                0x1004cc84      0x184 ../../../../../../Library/Bluetooth_LE/library\libbluenrg1_stack.a(securitymgr.o)
                0x1004cc84                SMP_Process_Q
 i.int32ToLe4Byte
                0x1004ce08       0x10 ../../../../../../Library/Bluetooth_LE/library\libbluenrg1_stack.a(securitymgr.o)
 i.sm_RepeatedAttacks_Protection
                0x1004ce18      0x110 ../../../../../../Library/Bluetooth_LE/library\libbluenrg1_stack.a(securitymgr.o)
                0x1004ce18                sm_RepeatedAttacks_Protection
 i.smp_Build_AuthReq_Field
                0x1004cf28       0x18 ../../../../../../Library/Bluetooth_LE/library\libbluenrg1_stack.a(securitymgr.o)
 i.smp_Build_Pairing_ReqResp_Packet
                0x1004cf40       0x44 ../../../../../../Library/Bluetooth_LE/library\libbluenrg1_stack.a(securitymgr.o)
 i.smp_Check_Incoming_Pairing_Parameters
                0x1004cf84       0x3c ../../../../../../Library/Bluetooth_LE/library\libbluenrg1_stack.a(securitymgr.o)
 i.smp_Determine_Key_Association_Method
                0x1004cfc0       0xb8 ../../../../../../Library/Bluetooth_LE/library\libbluenrg1_stack.a(securitymgr.o)
 i.smp_Execute_Actions_wrt_Current_State
                0x1004d078      0x190 ../../../../../../Library/Bluetooth_LE/library\libbluenrg1_stack.a(securitymgr.o)
 i.smp_Execute_Actions_wrt_Current_State_MI_excerpt_ucfg
                0x1004d208        0x2 ../../../../../../Library/Bluetooth_LE/library\libbluenrg1_stack.a(securitymgr.o)
                0x1004d208                smp_Execute_Actions_wrt_Current_State_MI_excerpt_ucfg
 i.smp_Execute_Actions_wrt_Current_State_sc_excerpt_phase2as2_ucfg
                0x1004d20a        0x2 ../../../../../../Library/Bluetooth_LE/library\libbluenrg1_stack.a(securitymgr.o)
                0x1004d20a                smp_Execute_Actions_wrt_Current_State_sc_excerpt_phase2as2_ucfg
 i.smp_Execute_Actions_wrt_Current_State_sc_excerpt_phase_1_to_2_ucfg
                0x1004d20c        0x4 ../../../../../../Library/Bluetooth_LE/library\libbluenrg1_stack.a(securitymgr.o)
                0x1004d20c                smp_Execute_Actions_wrt_Current_State_sc_excerpt_phase_1_to_2_ucfg
 i.smp_Get_Long_Term_Key
                0x1004d210       0x90 ../../../../../../Library/Bluetooth_LE/library\libbluenrg1_stack.a(securitymgr.o)
 i.smp_Get_Pairing_Parameters_From_Peer_Packet
                0x1004d2a0       0x88 ../../../../../../Library/Bluetooth_LE/library\libbluenrg1_stack.a(securitymgr.o)
 i.smp_Keys_Distribution_Send
                0x1004d328      0x11c ../../../../../../Library/Bluetooth_LE/library\libbluenrg1_stack.a(securitymgr.o)
 i.smp_MI_Start_Encryption_ucfg
                0x1004d444        0x4 ../../../../../../Library/Bluetooth_LE/library\libbluenrg1_stack.a(securitymgr.o)
                0x1004d444                smp_MI_Start_Encryption_ucfg
 i.smp_Process_Rx_Packet_Exception_Cases_sc_excerpt_ucfg
                0x1004d448        0x4 ../../../../../../Library/Bluetooth_LE/library\libbluenrg1_stack.a(securitymgr.o)
                0x1004d448                smp_Process_Rx_Packet_Exception_Cases_sc_excerpt_ucfg
 i.smp_Process_Rx_Packet_wrt_Current_State
                0x1004d44c       0xf4 ../../../../../../Library/Bluetooth_LE/library\libbluenrg1_stack.a(securitymgr.o)
 i.smp_Process_Rx_Packet_wrt_Current_State_MI_excerpt_ucfg
                0x1004d540        0x4 ../../../../../../Library/Bluetooth_LE/library\libbluenrg1_stack.a(securitymgr.o)
                0x1004d540                smp_Process_Rx_Packet_wrt_Current_State_MI_excerpt_ucfg
 i.smp_Process_Rx_Packet_wrt_Current_State_sc_excerpt_ucfg
                0x1004d544        0x4 ../../../../../../Library/Bluetooth_LE/library\libbluenrg1_stack.a(securitymgr.o)
                0x1004d544                smp_Process_Rx_Packet_wrt_Current_State_sc_excerpt_ucfg
 i.smp_Reset_Timer
                0x1004d548       0x20 ../../../../../../Library/Bluetooth_LE/library\libbluenrg1_stack.a(securitymgr.o)
 i.smp_SR_Compute_c1_Confirm_Value
                0x1004d568      0x174 ../../../../../../Library/Bluetooth_LE/library\libbluenrg1_stack.a(securitymgr.o)
 i.smp_Set_Key_Association_Method
                0x1004d6dc       0x78 ../../../../../../Library/Bluetooth_LE/library\libbluenrg1_stack.a(securitymgr.o)
 i.smp____SR_PairingConfirm_Receive
                0x1004d754       0x7c ../../../../../../Library/Bluetooth_LE/library\libbluenrg1_stack.a(securitymgr.o)
 i.smp____SR_PairingRandom_Receive
                0x1004d7d0      0x130 ../../../../../../Library/Bluetooth_LE/library\libbluenrg1_stack.a(securitymgr.o)
 i.smp____SR_PairingRequest_Receive
                0x1004d900      0x1c0 ../../../../../../Library/Bluetooth_LE/library\libbluenrg1_stack.a(securitymgr.o)
 i.smp_sc_SR_PairingConfirm_Receive_sc_excerpt_ucfg
                0x1004dac0        0x2 ../../../../../../Library/Bluetooth_LE/library\libbluenrg1_stack.a(securitymgr.o)
                0x1004dac0                smp_sc_SR_PairingConfirm_Receive_sc_excerpt_ucfg
 i.smp_sc_SR_PairingRandom_Receive_sc_excerpt_ucfg
                0x1004dac2        0x2 ../../../../../../Library/Bluetooth_LE/library\libbluenrg1_stack.a(securitymgr.o)
                0x1004dac2                smp_sc_SR_PairingRandom_Receive_sc_excerpt_ucfg
 i.smp_sc_SR_Pairing_Phase_2AS1_Start_sc_excerpt_ucfg
                0x1004dac4        0x2 ../../../../../../Library/Bluetooth_LE/library\libbluenrg1_stack.a(securitymgr.o)
                0x1004dac4                smp_sc_SR_Pairing_Phase_2AS1_Start_sc_excerpt_ucfg
 i.smp_send_packet
                0x1004dac6       0x1e ../../../../../../Library/Bluetooth_LE/library\libbluenrg1_stack.a(securitymgr.o)
                0x1004dac6                smp_send_packet
 i.SMA_Diversify
                0x1004dae4       0x2e ../../../../../../Library/Bluetooth_LE/library\libbluenrg1_stack.a(smp_algo_sap.o)
                0x1004dae4                SMA_Diversify
 *fill*         0x1004db12        0x2 
 i.SMA_Generate_CSRK
                0x1004db14       0x28 ../../../../../../Library/Bluetooth_LE/library\libbluenrg1_stack.a(smp_algo_sap.o)
                0x1004db14                SMA_Generate_CSRK
 i.SMA_Generate_IRK
                0x1004db3c       0x28 ../../../../../../Library/Bluetooth_LE/library\libbluenrg1_stack.a(smp_algo_sap.o)
                0x1004db3c                SMA_Generate_IRK
 i.SMA_LP_s1_Generate_STK
                0x1004db64       0x28 ../../../../../../Library/Bluetooth_LE/library\libbluenrg1_stack.a(smp_algo_sap.o)
                0x1004db64                SMA_LP_s1_Generate_STK
 i.SMA_generate_EDIV_recovery_DIV
                0x1004db8c       0x7c ../../../../../../Library/Bluetooth_LE/library\libbluenrg1_stack.a(smp_algo_sap.o)
                0x1004db8c                SMA_generate_EDIV_recovery_DIV
 i.SM_Generate_Resolvable_Private_Address
                0x1004dc08       0x4e ../../../../../../Library/Bluetooth_LE/library\libbluenrg1_stack.a(smp_algo_sap.o)
                0x1004dc08                SM_Generate_Resolvable_Private_Address
 i.SM_Resolve_Private_Address
                0x1004dc56       0x22 ../../../../../../Library/Bluetooth_LE/library\libbluenrg1_stack.a(smp_algo_sap.o)
                0x1004dc56                SM_Resolve_Private_Address
 i.sma_CMAC_generate_tag
                0x1004dc78       0xca ../../../../../../Library/Bluetooth_LE/library\libbluenrg1_stack.a(smp_algo_sap.o)
                0x1004dc78                sma_CMAC_generate_tag
 i.sma_Calculate_Hash
                0x1004dd42       0x38 ../../../../../../Library/Bluetooth_LE/library\libbluenrg1_stack.a(smp_algo_sap.o)
 i.sma_generate_subkeys
                0x1004dd7a       0x80 ../../../../../../Library/Bluetooth_LE/library\libbluenrg1_stack.a(smp_algo_sap.o)
 i.sma_left_shift
                0x1004ddfa       0x2c ../../../../../../Library/Bluetooth_LE/library\libbluenrg1_stack.a(smp_algo_sap.o)
 i.SMP_Check_Is_Device_Bonded
                0x1004de26       0x48 ../../../../../../Library/Bluetooth_LE/library\libbluenrg1_stack.a(smp_common.o)
                0x1004de26                SMP_Check_Is_Device_Bonded
 i.SMP_Forget_Device_by_ConnHandle
                0x1004de6e       0x1c ../../../../../../Library/Bluetooth_LE/library\libbluenrg1_stack.a(smp_common.o)